/usr/include/c++/14.2.1/type_traits:3832:3:constexpr bool std::is_constant_evaluated()	16	static
/usr/include/c++/14.2.1/compare:282:5:constexpr bool std::operator==(strong_ordering, __cmp_cat::__unspec)	144	static
/usr/include/c++/14.2.1/compare:291:5:constexpr bool std::operator<(strong_ordering, __cmp_cat::__unspec)	144	static
/usr/include/c++/14.2.1/new:179:33:void* operator new(std::size_t, void*)	16	static
/usr/include/c++/14.2.1/bits/predefined_ops.h:74:3:constexpr __gnu_cxx::__ops::_Iter_less_val __gnu_cxx::__ops::__iter_less_val()	16	static
/usr/include/c++/14.2.1/bits/predefined_ops.h:103:3:constexpr __gnu_cxx::__ops::_Val_less_iter __gnu_cxx::__ops::__val_less_iter()	16	static
/usr/include/c++/14.2.1/bits/stl_algobase.h:1042:3:constexpr long unsigned int std::__size_to_integer(long unsigned int)	16	static
/usr/include/c++/14.2.1/bits/char_traits.h:343:7:static constexpr void std::char_traits<char>::assign(char_type&, const char_type&)	48	static
/usr/include/c++/14.2.1/bits/char_traits.h:354:7:static constexpr bool std::char_traits<char>::eq(const char_type&, const char_type&)	48	static
/usr/include/c++/14.2.1/bits/char_traits.h:358:7:static constexpr bool std::char_traits<char>::lt(const char_type&, const char_type&)	48	static
/usr/include/c++/14.2.1/bits/char_traits.h:366:7:static constexpr int std::char_traits<char>::compare(const char_type*, const char_type*, std::size_t)	80	static
/usr/include/c++/14.2.1/bits/char_traits.h:385:7:static constexpr std::size_t std::char_traits<char>::length(const char_type*)	32	static
/usr/include/c++/14.2.1/bits/char_traits.h:395:7:static constexpr const std::char_traits<char>::char_type* std::char_traits<char>::find(const char_type*, std::size_t, const char_type&)	64	static
/usr/include/c++/14.2.1/bits/char_traits.h:407:7:static constexpr std::char_traits<char>::char_type* std::char_traits<char>::move(char_type*, const char_type*, std::size_t)	48	static
/usr/include/c++/14.2.1/bits/char_traits.h:419:7:static constexpr std::char_traits<char>::char_type* std::char_traits<char>::copy(char_type*, const char_type*, std::size_t)	48	static
/usr/include/c++/14.2.1/bits/char_traits.h:431:7:static constexpr std::char_traits<char>::char_type* std::char_traits<char>::assign(char_type*, std::size_t, char_type)	64	static
/usr/include/c++/14.2.1/string_view:70:3:constexpr std::size_t std::__sv_check(size_t, size_t, const char*)	48	static
/usr/include/c++/14.2.1/bits/basic_string.h:232:7:constexpr std::__cxx11::basic_string<_CharT, _Traits, _Alloc>::pointer std::__cxx11::basic_string<_CharT, _Traits, _Alloc>::_M_local_data() [with _CharT = char; _Traits = std::char_traits<char>; _Alloc = std::allocator<char>]	48	static
/usr/include/c++/14.2.1/bits/ptr_traits.h:134:7:static constexpr _Tp* std::__ptr_traits_ptr_to<_Tp*, _Tp, false>::pointer_to(element_type&) [with _Tp = char]	32	static
/usr/include/c++/14.2.1/bits/move.h:175:5:constexpr _Tp* std::addressof(_Tp&) [with _Tp = char]	32	static
/usr/include/c++/14.2.1/bits/move.h:51:5:constexpr _Tp* std::__addressof(_Tp&) [with _Tp = char]	16	static
/usr/include/c++/14.2.1/bits/basic_string.h:197:2:constexpr std::__cxx11::basic_string<_CharT, _Traits, _Alloc>::_Alloc_hider::_Alloc_hider(std::__cxx11::basic_string<_CharT, _Traits, _Alloc>::pointer, _Alloc&&) [with _CharT = char; _Traits = std::char_traits<char>; _Alloc = std::allocator<char>]	96	static
/usr/include/c++/14.2.1/bits/move.h:137:5:constexpr typename std::remove_reference<_Tp>::type&& std::move(_Tp&&) [with _Tp = allocator<char>&]	32	static
/usr/include/c++/14.2.1/bits/basic_string.h:186:14:constexpr std::__cxx11::basic_string<char>::_Alloc_hider::~_Alloc_hider()	48	static
/usr/include/c++/14.2.1/bits/basic_string.h:527:7:constexpr std::__cxx11::basic_string<_CharT, _Traits, _Alloc>::basic_string() [with _CharT = char; _Traits = std::char_traits<char>; _Alloc = std::allocator<char>]	208	static
/usr/include/c++/14.2.1/bits/charconv.h:55:5:constexpr unsigned int std::__detail::__to_chars_len(_Tp, int) [with _Tp = unsigned int]	80	static
/usr/include/c++/14.2.1/bits/charconv.h:55:5:constexpr unsigned int std::__detail::__to_chars_len(_Tp, int) [with _Tp = long unsigned int]	80	static
/usr/include/c++/14.2.1/bits/charconv.h:55:5:constexpr unsigned int std::__detail::__to_chars_len(_Tp, int) [with _Tp = long long unsigned int]	80	static
/usr/include/c++/14.2.1/bits/stl_algobase.h:233:5:constexpr const _Tp& std::min(const _Tp&, const _Tp&) [with _Tp = long unsigned int]	48	static
/usr/include/c++/14.2.1/limits:1344:7:static constexpr long long int std::numeric_limits<long long int>::min()	16	static
/usr/include/c++/14.2.1/charconv:368:1:constexpr std::to_chars_result std::to_chars(char*, char*, long unsigned int, int)	48	static
/usr/include/c++/14.2.1/bit:371:5:constexpr int std::__bit_width(_Tp) [with _Tp = unsigned int]	64	static
/usr/include/c++/14.2.1/bits/basic_string.h:1076:7:constexpr std::__cxx11::basic_string<_CharT, _Traits, _Alloc>::size_type std::__cxx11::basic_string<_CharT, _Traits, _Alloc>::size() const [with _CharT = char; _Traits = std::char_traits<char>; _Alloc = std::allocator<char>]	32	static
/usr/include/c++/14.2.1/span:88:2:constexpr std::__detail::__extent_storage<18446744073709551615>::__extent_storage(std::size_t)	32	static
/usr/include/c++/14.2.1/span:93:2:constexpr std::size_t std::__detail::__extent_storage<18446744073709551615>::_M_extent() const	32	static
/usr/include/c++/14.2.1/bits/unicode.h:51:3:constexpr bool std::__unicode::__is_scalar_value(char32_t)	16	static
/usr/include/c++/14.2.1/bits/unicode.h:75:5:constexpr char32_t std::__unicode::_Repl::operator()() const	16	static
/usr/include/c++/14.2.1/bits/unicode.h:603:3:constexpr int std::__unicode::__v15_1_0::__field_width(char32_t)	176	static
/usr/include/c++/14.2.1/bits/unicode.h:614:3:constexpr std::__unicode::__v15_1_0::_Gcb_property std::__unicode::__v15_1_0::__grapheme_cluster_break_property(char32_t)	208	static
/usr/include/c++/14.2.1/bits/unicode.h:624:3:constexpr bool std::__unicode::__v15_1_0::__is_incb_linker(char32_t)	176	static
/usr/include/c++/14.2.1/bits/unicode.h:633:3:constexpr std::__unicode::__v15_1_0::_InCB std::__unicode::__v15_1_0::__incb_property(char32_t)	208	static
/usr/include/c++/14.2.1/bits/unicode.h:645:3:constexpr bool std::__unicode::__v15_1_0::__is_extended_pictographic(char32_t)	176	static
/usr/include/c++/14.2.1/bits/unicode.h:664:5:constexpr void std::__unicode::__v15_1_0::_Grapheme_cluster_iterator_base::_M_reset(char32_t, std::__unicode::__v15_1_0::_Gcb_property)	32	static
/usr/include/c++/14.2.1/bits/unicode.h:674:5:constexpr void std::__unicode::__v15_1_0::_Grapheme_cluster_iterator_base::_M_update_xpicto_seq_state(char32_t, std::__unicode::__v15_1_0::_Gcb_property)	48	static
/usr/include/c++/14.2.1/bits/unicode.h:706:5:constexpr void std::__unicode::__v15_1_0::_Grapheme_cluster_iterator_base::_M_update_ri_count(std::__unicode::__v15_1_0::_Gcb_property)	48	static
/usr/include/c++/14.2.1/bits/unicode.h:715:5:constexpr void std::__unicode::__v15_1_0::_Grapheme_cluster_iterator_base::_M_update_incb_state(char32_t, std::__unicode::__v15_1_0::_Gcb_property)	32	static
/usr/include/c++/14.2.1/charconv:448:5:constexpr unsigned char std::__detail::__from_chars_alnum_to_val(unsigned char) [with bool _DecOnly = false]	48	static
/usr/include/c++/14.2.1/format:188:14:std::format_error::format_error(const char*)	48	static
/usr/include/c++/14.2.1/format:184:9:std::format_error::~format_error()	48	static
/usr/include/c++/14.2.1/format:184:9:virtual std::format_error::~format_error()	32	static
/usr/include/c++/14.2.1/format:194:3:void std::__throw_format_error(const char*)	48	static
/usr/include/c++/14.2.1/format:203:3:void std::__format::__unmatched_left_brace_in_format_string()	16	static
/usr/include/c++/14.2.1/format:208:3:void std::__format::__unmatched_right_brace_in_format_string()	16	static
/usr/include/c++/14.2.1/format:213:3:void std::__format::__conflicting_indexing_in_format_string()	16	static
/usr/include/c++/14.2.1/format:218:3:void std::__format::__invalid_arg_id_in_format_string()	16	static
/usr/include/c++/14.2.1/format:223:3:void std::__format::__failed_to_parse_format_spec()	16	static
/usr/include/c++/14.2.1/format:392:18:constexpr bool std::__format::__is_digit(char)	32	static
/usr/include/c++/14.2.1/format:395:18:constexpr bool std::__format::__is_xdigit(char)	32	static
/usr/include/c++/14.2.1/format:766:5:std::__format::_Optional_locale::_Optional_locale(const std::locale&)	48	static
/usr/include/c++/14.2.1/format:798:5:std::__format::_Optional_locale::~_Optional_locale()	48	static
/usr/include/c++/14.2.1/format:814:5:const std::locale& std::__format::_Optional_locale::value()	48	static
/usr/include/c++/14.2.1/format:2785:11:constexpr std::__format::_Seq_sink<std::__cxx11::basic_string<char> >::~_Seq_sink()	48	static
/usr/include/c++/14.2.1/format:4255:3:std::string std::vformat(string_view, format_args)	848	static
/usr/include/c++/14.2.1/span:304:7:constexpr _Type* std::span<_Type, _Extent>::data() const [with _Type = char; long unsigned int _Extent = 18446744073709551615]	32	static
/usr/include/c++/14.2.1/span:251:7:constexpr std::span<_Type, _Extent>::size_type std::span<_Type, _Extent>::size() const [with _Type = char; long unsigned int _Extent = 18446744073709551615]	32	static
/usr/include/c++/14.2.1/print:55:3:void std::vprint_nonunicode(FILE*, string_view, format_args)	880	static
/usr/include/c++/14.2.1/print:65:3:void std::vprint_unicode(FILE*, string_view, format_args)	224	static
/usr/include/c++/14.2.1/print:140:15:void std::println(FILE*)	32	static
/usr/include/c++/14.2.1/print:151:15:void std::println()	16	static
/usr/include/c++/14.2.1/string_view:140:7:constexpr std::basic_string_view<_CharT, _Traits>::basic_string_view(const _CharT*) [with _CharT = char; _Traits = std::char_traits<char>]	48	static
/usr/include/c++/14.2.1/bits/char_traits.h:199:5:static constexpr std::size_t __gnu_cxx::char_traits<_CharT>::length(const char_type*) [with _CharT = char]	192	static
/usr/include/c++/14.2.1/bits/char_traits.h:136:7:static constexpr bool __gnu_cxx::char_traits<_CharT>::eq(const char_type&, const char_type&) [with _CharT = char]	48	static
/usr/include/c++/14.2.1/format:3906:7:constexpr std::__format::_Scanner<_CharT>::_Scanner(std::basic_string_view<_CharT>, std::size_t) [with _CharT = char]	192	static
/usr/include/c++/14.2.1/format:244:7:constexpr std::basic_format_parse_context<_CharT>::basic_format_parse_context(std::basic_string_view<_CharT>, std::size_t) [with _CharT = char]	192	static
/usr/include/c++/14.2.1/string_view:187:7:constexpr const std::basic_string_view<_CharT, _Traits>::value_type* std::basic_string_view<_CharT, _Traits>::begin() const [with _CharT = char; _Traits = std::char_traits<char>]	32	static
/usr/include/c++/14.2.1/string_view:192:7:constexpr const std::basic_string_view<_CharT, _Traits>::value_type* std::basic_string_view<_CharT, _Traits>::end() const [with _CharT = char; _Traits = std::char_traits<char>]	48	static
/usr/include/c++/14.2.1/string_view:229:7:constexpr std::basic_string_view<_CharT, _Traits>::size_type std::basic_string_view<_CharT, _Traits>::size() const [with _CharT = char; _Traits = std::char_traits<char>]	32	static
/usr/include/c++/14.2.1/string_view:254:7:constexpr const std::basic_string_view<_CharT, _Traits>::value_type& std::basic_string_view<_CharT, _Traits>::operator[](size_type) const [with _CharT = char; _Traits = std::char_traits<char>]	48	static
/usr/include/c++/14.2.1/format:3914:7:constexpr void std::__format::_Scanner<_CharT>::_M_scan() [with _CharT = char]	352	static
/usr/include/c++/14.2.1/format:3977:7:constexpr std::basic_string_view<_CharT> std::__format::_Scanner<_CharT>::_M_fmt_str() const [with _CharT = char]	176	static
/usr/include/c++/14.2.1/format:3910:26:constexpr std::__format::_Scanner<_CharT>::iterator std::__format::_Scanner<_CharT>::begin() const [with _CharT = char]	32	static
/usr/include/c++/14.2.1/format:252:32:constexpr std::basic_format_parse_context<_CharT>::const_iterator std::basic_format_parse_context<_CharT>::begin() const [with _CharT = char]	32	static
/usr/include/c++/14.2.1/format:3911:26:constexpr std::__format::_Scanner<_CharT>::iterator std::__format::_Scanner<_CharT>::end() const [with _CharT = char]	32	static
/usr/include/c++/14.2.1/format:253:32:constexpr std::basic_format_parse_context<_CharT>::const_iterator std::basic_format_parse_context<_CharT>::end() const [with _CharT = char]	32	static
/usr/include/c++/14.2.1/string_view:155:2:constexpr std::basic_string_view<_CharT, _Traits>::basic_string_view(_It, _End) [with _It = const char*; _End = const char*; _CharT = char; _Traits = std::char_traits<char>]	64	static
/usr/include/c++/14.2.1/bits/ptr_traits.h:241:5:constexpr _Tp* std::to_address(_Tp*) [with _Tp = const char]	32	static
/usr/include/c++/14.2.1/bits/ptr_traits.h:205:5:constexpr _Tp* std::__to_address(_Tp*) [with _Tp = const char]	16	static
/usr/include/c++/14.2.1/bits/string_view.tcc:80:5:constexpr std::basic_string_view<_CharT, _Traits>::size_type std::basic_string_view<_CharT, _Traits>::find(_CharT, size_type) const [with _CharT = char; _Traits = std::char_traits<char>]	224	static
/usr/include/c++/14.2.1/bits/char_traits.h:210:5:static constexpr const __gnu_cxx::char_traits<_CharT>::char_type* __gnu_cxx::char_traits<_CharT>::find(const char_type*, std::size_t, const char_type&) [with _CharT = char]	80	static
/usr/include/c++/14.2.1/format:3980:30:constexpr void std::__format::_Scanner<_CharT>::_M_on_chars(iterator) [with _CharT = char]	16	static
/usr/include/c++/14.2.1/format:256:7:constexpr void std::basic_format_parse_context<_CharT>::advance_to(const_iterator) [with _CharT = char]	32	static
/usr/include/c++/14.2.1/bits/stl_vector.h:98:2:constexpr std::_Vector_base<_Tp, _Alloc>::_Vector_impl_data::_Vector_impl_data() [with _Tp = long long int; _Alloc = std::allocator<long long int>]	32	static
/usr/include/c++/14.2.1/bits/stl_vector.h:132:14:constexpr std::_Vector_base<long long int, std::allocator<long long int> >::_Vector_impl::~_Vector_impl()	48	static
/usr/include/c++/14.2.1/format:260:7:constexpr std::size_t std::basic_format_parse_context<_CharT>::next_arg_id() [with _CharT = char]	48	static
/usr/include/c++/14.2.1/format:1059:2:constexpr typename std::basic_format_parse_context<_CharT>::iterator std::__format::__formatter_int<_CharT>::_M_parse(std::basic_format_parse_context<_CharT>&) [with _Tp = long long int; _CharT = char]	32	static
/usr/include/c++/14.2.1/format:958:20:std::__format::__formatter_int<char>::_M_do_parse(std::basic_format_parse_context<char>&, std::__format::_Pres_type)::<lambda()>	48	static
/usr/include/c++/14.2.1/format:962:20:std::__format::__formatter_int<char>::_M_do_parse(std::basic_format_parse_context<char>&, std::__format::_Pres_type)::<lambda()>	48	static
/usr/include/c++/14.2.1/format:950:7:constexpr typename std::basic_format_parse_context<_CharT>::iterator std::__format::__formatter_int<_CharT>::_M_do_parse(std::basic_format_parse_context<_CharT>&, std::__format::_Pres_type) [with _CharT = char]	352	static
/usr/include/c++/14.2.1/bits/stl_pair.h:1255:5:constexpr typename std::tuple_element<_Int, std::pair<_Tp1, _Tp2> >::type&& std::get(pair<_Tp1, _Tp2>&&) [with long unsigned int _Int = 0; _Tp1 = short unsigned int; _Tp2 = const char*]	48	static
/usr/include/c++/14.2.1/bits/move.h:137:5:constexpr typename std::remove_reference<_Tp>::type&& std::move(_Tp&&) [with _Tp = pair<short unsigned int, const char*>&]	32	static
/usr/include/c++/14.2.1/bits/stl_pair.h:1205:2:static constexpr _Tp1&& std::__pair_get<0>::__move_get(std::pair<_T1, _T2>&&) [with _Tp1 = short unsigned int; _Tp2 = const char*]	48	static
/usr/include/c++/14.2.1/bits/move.h:71:5:constexpr _Tp&& std::forward(typename remove_reference<_Functor>::type&) [with _Tp = short unsigned int]	32	static
/usr/include/c++/14.2.1/bits/stl_pair.h:1255:5:constexpr typename std::tuple_element<_Int, std::pair<_Tp1, _Tp2> >::type&& std::get(pair<_Tp1, _Tp2>&&) [with long unsigned int _Int = 1; _Tp1 = short unsigned int; _Tp2 = const char*]	48	static
/usr/include/c++/14.2.1/bits/stl_pair.h:1229:2:static constexpr _Tp2&& std::__pair_get<1>::__move_get(std::pair<_T1, _T2>&&) [with _Tp1 = short unsigned int; _Tp2 = const char*]	48	static
/usr/include/c++/14.2.1/bits/move.h:71:5:constexpr _Tp&& std::forward(typename remove_reference<_Functor>::type&) [with _Tp = const char*]	32	static
/usr/include/c++/14.2.1/format:3982:22:constexpr void std::__format::_Scanner<_CharT>::_M_on_replacement_field() [with _CharT = char]	208	static
d.cc:79:6:void solve()	560	static
d.cc:128:5:int main()	192	static
/usr/include/c++/14.2.1/bits/stl_construct.h:94:5:) [with _Tp = char; _Args = {const char&}]	48	static
/usr/include/c++/14.2.1/bits/char_traits.h:222:5:static constexpr __gnu_cxx::char_traits<_CharT>::char_type* __gnu_cxx::char_traits<_CharT>::move(char_type*, const char_type*, std::size_t) [with _CharT = char]	48	static
/usr/include/c++/14.2.1/bits/char_traits.h:253:5:static constexpr __gnu_cxx::char_traits<_CharT>::char_type* __gnu_cxx::char_traits<_CharT>::copy(char_type*, const char_type*, std::size_t) [with _CharT = char]	80	static
/usr/include/c++/14.2.1/bits/char_traits.h:273:5:static constexpr __gnu_cxx::char_traits<_CharT>::char_type* __gnu_cxx::char_traits<_CharT>::assign(char_type*, std::size_t, char_type) [with _CharT = char]	224	static
/usr/include/c++/14.2.1/string_view:289:7:constexpr const std::basic_string_view<_CharT, _Traits>::value_type* std::basic_string_view<_CharT, _Traits>::data() const [with _CharT = char; _Traits = std::char_traits<char>]	32	static
/usr/include/c++/14.2.1/string_view:146:7:constexpr std::basic_string_view<_CharT, _Traits>::basic_string_view(const _CharT*, size_type) [with _CharT = char; _Traits = std::char_traits<char>]	48	static
/usr/include/c++/14.2.1/bits/basic_string.h:227:7:constexpr std::__cxx11::basic_string<_CharT, _Traits, _Alloc>::pointer std::__cxx11::basic_string<_CharT, _Traits, _Alloc>::_M_data() const [with _CharT = char; _Traits = std::char_traits<char>; _Alloc = std::allocator<char>]	32	static
/usr/include/c++/14.2.1/bits/basic_string.h:259:7:constexpr void std::__cxx11::basic_string<_CharT, _Traits, _Alloc>::_M_set_length(size_type) [with _CharT = char; _Traits = std::char_traits<char>; _Alloc = std::allocator<char>]	176	static
/usr/include/c++/14.2.1/bits/basic_string.h:808:7:constexpr std::__cxx11::basic_string<_CharT, _Traits, _Alloc>::~basic_string() [with _CharT = char; _Traits = std::char_traits<char>; _Alloc = std::allocator<char>]	48	static
/usr/include/c++/14.2.1/bits/charconv.h:81:5:constexpr void std::__detail::__to_chars_10_impl(char*, unsigned int, _Tp) [with _Tp = unsigned int]	464	static
/usr/include/c++/14.2.1/bits/basic_string.h:341:7:constexpr std::__cxx11::basic_string<_CharT, _Traits, _Alloc>::allocator_type& std::__cxx11::basic_string<_CharT, _Traits, _Alloc>::_M_get_allocator() [with _CharT = char; _Traits = std::char_traits<char>; _Alloc = std::allocator<char>]	48	static
/usr/include/c++/14.2.1/bits/basic_string.h:267:7:constexpr bool std::__cxx11::basic_string<_CharT, _Traits, _Alloc>::_M_is_local() const [with _CharT = char; _Traits = std::char_traits<char>; _Alloc = std::allocator<char>]	48	static
/usr/include/c++/14.2.1/bits/basic_string.h:1083:7:constexpr std::__cxx11::basic_string<_CharT, _Traits, _Alloc>::size_type std::__cxx11::basic_string<_CharT, _Traits, _Alloc>::length() const [with _CharT = char; _Traits = std::char_traits<char>; _Alloc = std::allocator<char>]	32	static
/usr/include/c++/14.2.1/bits/basic_string.h:682:7:constexpr std::__cxx11::basic_string<_CharT, _Traits, _Alloc>::basic_string(std::__cxx11::basic_string<_CharT, _Traits, _Alloc>&&) [with _CharT = char; _Traits = std::char_traits<char>; _Alloc = std::allocator<char>]	96	static
/usr/include/c++/14.2.1/bits/charconv.h:81:5:constexpr void std::__detail::__to_chars_10_impl(char*, unsigned int, _Tp) [with _Tp = long unsigned int]	480	static
/usr/include/c++/14.2.1/bits/charconv.h:81:5:constexpr void std::__detail::__to_chars_10_impl(char*, unsigned int, _Tp) [with _Tp = long long unsigned int]	480	static
/usr/include/c++/14.2.1/bits/basic_string.h:949:7:constexpr std::__cxx11::basic_string<_CharT, _Traits, _Alloc>::operator __sv_type() const [with _CharT = char; _Traits = std::char_traits<char>; _Alloc = std::allocator<char>]	176	static
/usr/include/c++/14.2.1/bits/basic_string.h:193:2:constexpr std::__cxx11::basic_string<_CharT, _Traits, _Alloc>::_Alloc_hider::_Alloc_hider(std::__cxx11::basic_string<_CharT, _Traits, _Alloc>::pointer, const _Alloc&) [with _CharT = char; _Traits = std::char_traits<char>; _Alloc = std::allocator<char>]	80	static
/usr/include/c++/14.2.1/bits/stl_algobase.h:257:5:constexpr const _Tp& std::max(const _Tp&, const _Tp&) [with _Tp = long unsigned int]	48	static
/usr/include/c++/14.2.1/bits/move.h:71:5:constexpr _Tp&& std::forward(typename remove_reference<_Functor>::type&) [with _Tp = int]	32	static
/usr/include/c++/14.2.1/charconv:319:5:constexpr std::to_chars_result std::__to_chars_i(char*, char*, _Tp, int) [with _Tp = unsigned char]	80	static
/usr/include/c++/14.2.1/charconv:319:5:constexpr std::to_chars_result std::__to_chars_i(char*, char*, _Tp, int) [with _Tp = unsigned int]	80	static
/usr/include/c++/14.2.1/charconv:319:5:constexpr std::to_chars_result std::__to_chars_i(char*, char*, _Tp, int) [with _Tp = long unsigned int]	80	static
/usr/include/c++/14.2.1/charconv:319:5:constexpr std::to_chars_result std::__to_chars_i(char*, char*, _Tp, int) [with _Tp = long long unsigned int]	80	static
/usr/include/c++/14.2.1/bit:201:5:constexpr int std::__countl_zero(_Tp) [with _Tp = unsigned int]	64	static
/usr/include/c++/14.2.1/bits/stl_algo.h:2019:5:constexpr _FIter std::upper_bound(_FIter, _FIter, const _Tp&) [with _FIter = const char32_t*; _Tp = char32_t]	48	static
/usr/include/c++/14.2.1/bits/stl_algobase.h:1530:5:constexpr _ForwardIterator std::lower_bound(_ForwardIterator, _ForwardIterator, const _Tp&) [with _ForwardIterator = const unsigned int*; _Tp = unsigned int]	48	static
/usr/include/c++/14.2.1/bits/stl_algo.h:3842:5:constexpr _IIter std::find(_IIter, _IIter, const _Tp&) [with _IIter = const char32_t*; _Tp = char32_t]	48	static
/usr/include/c++/14.2.1/bits/stl_construct.h:94:5:) [with _Tp = locale; _Args = {}]	48	static
/usr/include/c++/14.2.1/bits/move.h:137:5:constexpr typename std::remove_reference<_Tp>::type&& std::move(_Tp&&) [with _Tp = __format::_Seq_sink<__cxx11::basic_string<char> >&]	32	static
/usr/include/c++/14.2.1/format:2877:7:_Seq std::__format::_Seq_sink<_Seq>::get() && [with _Seq = std::__cxx11::basic_string<char>]	240	static
/usr/include/c++/14.2.1/bits/ranges_base.h:474:2:constexpr auto std::ranges::__access::_Data::operator()(_Tp&&) const [with _Tp = std::__cxx11::basic_string<char>&]	32	static
/usr/include/c++/14.2.1/bits/ranges_base.h:352:2:constexpr auto std::ranges::__access::_Size::operator()(_Tp&&) const [with _Tp = std::__cxx11::basic_string<char>&]	32	static
/usr/include/c++/14.2.1/format:2887:7:std::span<typename _Seq::value_type> std::__format::_Seq_sink<_Seq>::view() [with _Seq = std::__cxx11::basic_string<char>]	256	static
/usr/include/c++/14.2.1/bits/basic_string.h:2653:7:constexpr const _CharT* std::__cxx11::basic_string<_CharT, _Traits, _Alloc>::data() const [with _CharT = char; _Traits = std::char_traits<char>; _Alloc = std::allocator<char>]	32	static
/usr/include/c++/14.2.1/bits/move.h:137:5:constexpr typename std::remove_reference<_Tp>::type&& std::move(_Tp&&) [with _Tp = __cxx11::basic_string<char>&]	32	static
/usr/include/c++/14.2.1/bits/basic_string.h:1222:7:constexpr void std::__cxx11::basic_string<_CharT, _Traits, _Alloc>::clear() [with _CharT = char; _Traits = std::char_traits<char>; _Alloc = std::allocator<char>]	32	static
/usr/include/c++/14.2.1/bits/basic_string.h:1231:7:constexpr bool std::__cxx11::basic_string<_CharT, _Traits, _Alloc>::empty() const [with _CharT = char; _Traits = std::char_traits<char>; _Alloc = std::allocator<char>]	32	static
/usr/include/c++/14.2.1/bits/move.h:51:5:constexpr _Tp* std::__addressof(_Tp&) [with _Tp = __cxx11::basic_string<char>]	16	static
/usr/include/c++/14.2.1/bits/basic_string.h:858:7:constexpr std::__cxx11::basic_string<_CharT, _Traits, _Alloc>& std::__cxx11::basic_string<_CharT, _Traits, _Alloc>::operator=(std::__cxx11::basic_string<_CharT, _Traits, _Alloc>&&) [with _CharT = char; _Traits = std::char_traits<char>; _Alloc = std::allocator<char>]	112	static
/usr/include/c++/14.2.1/bits/basic_string.h:1692:7:constexpr std::__cxx11::basic_string<_CharT, _Traits, _Alloc>& std::__cxx11::basic_string<_CharT, _Traits, _Alloc>::assign(const _CharT*) [with _CharT = char; _Traits = std::char_traits<char>; _Alloc = std::allocator<char>]	48	static
/usr/include/c++/14.2.1/bits/ranges_base.h:117:2:constexpr auto std::ranges::__access::_Begin::operator()(_Tp&&) const [with _Tp = std::ranges::subrange<const char*, const char*, std::ranges::subrange_kind::sized>&]	32	static
/usr/include/c++/14.2.1/bits/ranges_base.h:167:2:constexpr auto std::ranges::__access::_End::operator()(_Tp&&) const [with _Tp = std::ranges::subrange<const char*, const char*, std::ranges::subrange_kind::sized>&]	32	static
/usr/include/c++/14.2.1/bits/unicode.h:578:22:constexpr bool std::__unicode::_Utf_view<_ToFormat, _Range>::empty() const [with _ToFormat = char32_t; _Range = std::ranges::subrange<const char*, const char*, std::ranges::subrange_kind::sized>]	32	static
/usr/include/c++/14.2.1/bits/ranges_base.h:433:2:constexpr bool std::ranges::__access::_Empty::operator()(_Tp&&) const [with _Tp = const std::ranges::subrange<const char*, const char*, std::ranges::subrange_kind::sized>&]	32	static
/usr/include/c++/14.2.1/bits/ranges_util.h:363:22:constexpr bool std::ranges::subrange<_It, _Sent, _Kind>::empty() const [with _It = const char*; _Sent = const char*; std::ranges::subrange_kind _Kind = std::ranges::subrange_kind::sized]	48	static
/usr/include/c++/14.2.1/bits/unicode.h:546:2:constexpr auto std::__unicode::_Utf_view<_ToFormat, _Range>::_M_begin(_Iter, _Sent) [with _Iter = const char*; _Sent = const char*; _ToFormat = char32_t; _Range = std::ranges::subrange<const char*, const char*, std::ranges::subrange_kind::sized>]	48	static
/usr/include/c++/14.2.1/bits/unicode.h:572:22:constexpr auto std::__unicode::_Utf_view<_ToFormat, _Range>::begin() [with _ToFormat = char32_t; _Range = std::ranges::subrange<const char*, const char*, std::ranges::subrange_kind::sized>]	64	static
/usr/include/c++/14.2.1/format:431:7:constexpr std::__format::_Spec<_CharT>::iterator std::__format::_Spec<_CharT>::_M_parse_fill_and_align(iterator, iterator) [with _CharT = char]	416	static
/usr/include/c++/14.2.1/format:559:7:constexpr std::__format::_Spec<_CharT>::iterator std::__format::_Spec<_CharT>::_M_parse_width(iterator, iterator, std::basic_format_parse_context<_CharT>&) [with _CharT = char]	208	static
/usr/include/c++/14.2.1/bits/stl_vector.h:556:7:constexpr std::vector<_Tp, _Alloc>::vector(size_type, const allocator_type&) [with _Tp = long long int; _Alloc = std::allocator<long long int>]	64	static
/usr/include/c++/14.2.1/bits/stl_vector.h:733:7:constexpr std::vector<_Tp, _Alloc>::~vector() [with _Tp = long long int; _Alloc = std::allocator<long long int>]	80	static
d.cc:11:24:T MIN() [with T = long long int]	8	static
/usr/include/c++/14.2.1/bits/stl_vector.h:1128:7:constexpr std::vector<_Tp, _Alloc>::reference std::vector<_Tp, _Alloc>::operator[](size_type) [with _Tp = long long int; _Alloc = std::allocator<long long int>]	48	static
/usr/include/c++/14.2.1/print:128:5:) [with _Args = {long long int&}]	176	static
/usr/include/c++/14.2.1/print:115:5:) [with _Args = {long long int&}]	176	static
/usr/include/c++/14.2.1/bits/stl_vector.h:569:7:constexpr std::vector<_Tp, _Alloc>::vector(size_type, const value_type&, const allocator_type&) [with _Tp = long long int; _Alloc = std::allocator<long long int>]	64	static
/usr/include/c++/14.2.1/bits/stl_vector.h:366:7:constexpr std::_Vector_base<_Tp, _Alloc>::~_Vector_base() [with _Tp = long long int; _Alloc = std::allocator<long long int>]	48	static
/usr/include/c++/14.2.1/bits/vector.tcc:111:7:) [with _Args = {long long int&}; _Tp = long long int; _Alloc = std::allocator<long long int>]	96	static
/usr/include/c++/14.2.1/bits/stl_vector.h:992:7:constexpr std::vector<_Tp, _Alloc>::size_type std::vector<_Tp, _Alloc>::size() const [with _Tp = long long int; _Alloc = std::allocator<long long int>]	48	static
/usr/include/c++/14.2.1/print:128:5:) [with _Args = {long unsigned int, long unsigned int}]	192	static
d.cc:26:24:T sz(auto:59&&) [with T = int; auto:59 = std::vector<long long int, std::allocator<long long int> >&]	32	static
/usr/include/c++/14.2.1/bits/move.h:51:5:constexpr _Tp* std::__addressof(_Tp&) [with _Tp = const vector<long long int, allocator<long long int> >]	16	static
/usr/include/c++/14.2.1/bits/vector.tcc:210:5:constexpr std::vector<_Tp, _Alloc>& std::vector<_Tp, _Alloc>::operator=(const std::vector<_Tp, _Alloc>&) [with _Tp = long long int; _Alloc = std::allocator<long long int>]	320	static
/usr/include/c++/14.2.1/format:486:7:constexpr std::__format::_Spec<_CharT>::iterator std::__format::_Spec<_CharT>::_M_parse_sign(iterator, iterator) [with _CharT = char]	80	static
/usr/include/c++/14.2.1/format:498:7:constexpr std::__format::_Spec<_CharT>::iterator std::__format::_Spec<_CharT>::_M_parse_alternate_form(iterator, iterator) [with _CharT = char]	48	static
/usr/include/c++/14.2.1/format:510:7:constexpr std::__format::_Spec<_CharT>::iterator std::__format::_Spec<_CharT>::_M_parse_zero_fill(iterator, iterator) [with _CharT = char]	48	static
/usr/include/c++/14.2.1/format:595:7:constexpr std::__format::_Spec<_CharT>::iterator std::__format::_Spec<_CharT>::_M_parse_locale(iterator, iterator) [with _CharT = char]	48	static
/usr/include/c++/14.2.1/format:336:5:constexpr std::pair<short unsigned int, const _CharT*> std::__format::__parse_arg_id(const _CharT*, const _CharT*) [with _CharT = char]	416	static
/usr/include/c++/14.2.1/format:275:7:constexpr void std::basic_format_parse_context<_CharT>::check_arg_id(std::size_t) [with _CharT = char]	48	static
/usr/include/c++/14.2.1/bits/move.h:71:5:constexpr _Tp&& std::forward(typename remove_reference<_Functor>::type&) [with _Tp = const char&]	32	static
/usr/include/c++/14.2.1/bits/stl_construct.h:94:5:) [with _Tp = char; _Args = {char&}]	48	static
/usr/include/c++/14.2.1/bits/basic_string.h:222:7:constexpr void std::__cxx11::basic_string<_CharT, _Traits, _Alloc>::_M_length(size_type) [with _CharT = char; _Traits = std::char_traits<char>; _Alloc = std::allocator<char>]	32	static
/usr/include/c++/14.2.1/bits/basic_string.h:285:7:constexpr void std::__cxx11::basic_string<_CharT, _Traits, _Alloc>::_M_dispose() [with _CharT = char; _Traits = std::char_traits<char>; _Alloc = std::allocator<char>]	32	static
/usr/include/c++/14.2.1/bits/basic_string.h:243:7:constexpr std::__cxx11::basic_string<_CharT, _Traits, _Alloc>::const_pointer std::__cxx11::basic_string<_CharT, _Traits, _Alloc>::_M_local_data() const [with _CharT = char; _Traits = std::char_traits<char>; _Alloc = std::allocator<char>]	32	static
/usr/include/c++/14.2.1/bits/basic_string.h:217:7:constexpr void std::__cxx11::basic_string<_CharT, _Traits, _Alloc>::_M_data(pointer) [with _CharT = char; _Traits = std::char_traits<char>; _Alloc = std::allocator<char>]	32	static
/usr/include/c++/14.2.1/bits/basic_string.h:254:7:constexpr void std::__cxx11::basic_string<_CharT, _Traits, _Alloc>::_M_capacity(size_type) [with _CharT = char; _Traits = std::char_traits<char>; _Alloc = std::allocator<char>]	32	static
/usr/include/c++/14.2.1/bits/move.h:71:5:constexpr _Tp&& std::forward(typename remove_reference<_Functor>::type&) [with _Tp = long unsigned int]	32	static
/usr/include/c++/14.2.1/charconv:115:5:constexpr unsigned int std::__detail::__to_chars_len_2(_Tp) [with _Tp = unsigned int]	32	static
/usr/include/c++/14.2.1/charconv:161:5:constexpr std::to_chars_result std::__detail::__to_chars_16(char*, char*, _Tp) [with _Tp = unsigned int]	240	static
/usr/include/c++/14.2.1/charconv:207:5:constexpr std::to_chars_result std::__detail::__to_chars_10(char*, char*, _Tp) [with _Tp = unsigned int]	208	static
/usr/include/c++/14.2.1/charconv:230:5:constexpr std::to_chars_result std::__detail::__to_chars_8(char*, char*, _Tp) [with _Tp = unsigned int]	208	static
/usr/include/c++/14.2.1/charconv:283:5:constexpr std::to_chars_result std::__detail::__to_chars_2(char*, char*, _Tp) [with _Tp = unsigned int]	208	static
/usr/include/c++/14.2.1/charconv:121:5:constexpr std::to_chars_result std::__detail::__to_chars(char*, char*, _Tp, int) [with _Tp = unsigned int]	320	static
/usr/include/c++/14.2.1/charconv:115:5:constexpr unsigned int std::__detail::__to_chars_len_2(_Tp) [with _Tp = long unsigned int]	32	static
/usr/include/c++/14.2.1/charconv:161:5:constexpr std::to_chars_result std::__detail::__to_chars_16(char*, char*, _Tp) [with _Tp = long unsigned int]	256	static
/usr/include/c++/14.2.1/charconv:207:5:constexpr std::to_chars_result std::__detail::__to_chars_10(char*, char*, _Tp) [with _Tp = long unsigned int]	208	static
/usr/include/c++/14.2.1/charconv:230:5:constexpr std::to_chars_result std::__detail::__to_chars_8(char*, char*, _Tp) [with _Tp = long unsigned int]	224	static
/usr/include/c++/14.2.1/charconv:283:5:constexpr std::to_chars_result std::__detail::__to_chars_2(char*, char*, _Tp) [with _Tp = long unsigned int]	224	static
/usr/include/c++/14.2.1/charconv:121:5:constexpr std::to_chars_result std::__detail::__to_chars(char*, char*, _Tp, int) [with _Tp = long unsigned int]	336	static
/usr/include/c++/14.2.1/bits/stl_algo.h:1980:5:constexpr _ForwardIterator std::__upper_bound(_ForwardIterator, _ForwardIterator, const _Tp&, _Compare) [with _ForwardIterator = const char32_t*; _Tp = char32_t; _Compare = __gnu_cxx::__ops::_Val_less_iter]	320	static
/usr/include/c++/14.2.1/bits/stl_algobase.h:1491:5:constexpr _ForwardIterator std::__lower_bound(_ForwardIterator, _ForwardIterator, const _Tp&, _Compare) [with _ForwardIterator = const unsigned int*; _Tp = unsigned int; _Compare = __gnu_cxx::__ops::_Iter_less_val]	320	static
/usr/include/c++/14.2.1/bits/predefined_ops.h:276:5:constexpr __gnu_cxx::__ops::_Iter_equals_val<_Value> __gnu_cxx::__ops::__iter_equals_val(_Value&) [with _Value = const char32_t]	160	static
/usr/include/c++/14.2.1/bits/stl_algobase.h:2150:5:constexpr _Iterator std::__find_if(_Iterator, _Iterator, _Predicate) [with _Iterator = const char32_t*; _Predicate = __gnu_cxx::__ops::_Iter_equals_val<const char32_t>]	208	static
/usr/include/c++/14.2.1/bits/move.h:137:5:constexpr typename std::remove_reference<_Tp>::type&& std::move(_Tp&&) [with _Tp = __format::_Sink_iter<char>&]	32	static
/usr/include/c++/14.2.1/format:4127:28:std::__format::__do_vformat_to<_Sink_iter<char>, char, std::basic_format_context<_Sink_iter<char>, char> >(_Sink_iter<char>, std::basic_string_view<char>, const std::basic_format_args<std::basic_format_context<_Sink_iter<char>, char> >&, const std::locale*)::<lambda(auto:40&)> [with auto:40 = std::monostate]	16	static
/usr/include/c++/14.2.1/format:4127:28:std::__format::__do_vformat_to<_Sink_iter<char>, char, std::basic_format_context<_Sink_iter<char>, char> >(_Sink_iter<char>, std::basic_string_view<char>, const std::basic_format_args<std::basic_format_context<_Sink_iter<char>, char> >&, const std::locale*)::<lambda(auto:40&)> [with auto:40 = bool]	240	static
/usr/include/c++/14.2.1/format:2635:7:auto std::__format::_Sink_iter<_CharT>::_M_reserve(std::size_t) const [with _CharT = char]	48	static
/usr/include/c++/14.2.1/format:4127:28:std::__format::__do_vformat_to<_Sink_iter<char>, char, std::basic_format_context<_Sink_iter<char>, char> >(_Sink_iter<char>, std::basic_string_view<char>, const std::basic_format_args<std::basic_format_context<_Sink_iter<char>, char> >&, const std::locale*)::<lambda(auto:40&)> [with auto:40 = char]	192	static
/usr/include/c++/14.2.1/format:4127:28:std::__format::__do_vformat_to<_Sink_iter<char>, char, std::basic_format_context<_Sink_iter<char>, char> >(_Sink_iter<char>, std::basic_string_view<char>, const std::basic_format_args<std::basic_format_context<_Sink_iter<char>, char> >&, const std::locale*)::<lambda(auto:40&)> [with auto:40 = int]	208	static
/usr/include/c++/14.2.1/format:4127:28:std::__format::__do_vformat_to<_Sink_iter<char>, char, std::basic_format_context<_Sink_iter<char>, char> >(_Sink_iter<char>, std::basic_string_view<char>, const std::basic_format_args<std::basic_format_context<_Sink_iter<char>, char> >&, const std::locale*)::<lambda(auto:40&)> [with auto:40 = unsigned int]	192	static
/usr/include/c++/14.2.1/format:4127:28:std::__format::__do_vformat_to<_Sink_iter<char>, char, std::basic_format_context<_Sink_iter<char>, char> >(_Sink_iter<char>, std::basic_string_view<char>, const std::basic_format_args<std::basic_format_context<_Sink_iter<char>, char> >&, const std::locale*)::<lambda(auto:40&)> [with auto:40 = long long int]	208	static
/usr/include/c++/14.2.1/format:4127:28:std::__format::__do_vformat_to<_Sink_iter<char>, char, std::basic_format_context<_Sink_iter<char>, char> >(_Sink_iter<char>, std::basic_string_view<char>, const std::basic_format_args<std::basic_format_context<_Sink_iter<char>, char> >&, const std::locale*)::<lambda(auto:40&)> [with auto:40 = long long unsigned int]	192	static
/usr/include/c++/14.2.1/format:4127:28:std::__format::__do_vformat_to<_Sink_iter<char>, char, std::basic_format_context<_Sink_iter<char>, char> >(_Sink_iter<char>, std::basic_string_view<char>, const std::basic_format_args<std::basic_format_context<_Sink_iter<char>, char> >&, const std::locale*)::<lambda(auto:40&)> [with auto:40 = float]	16	static
/usr/include/c++/14.2.1/format:4127:28:std::__format::__do_vformat_to<_Sink_iter<char>, char, std::basic_format_context<_Sink_iter<char>, char> >(_Sink_iter<char>, std::basic_string_view<char>, const std::basic_format_args<std::basic_format_context<_Sink_iter<char>, char> >&, const std::locale*)::<lambda(auto:40&)> [with auto:40 = double]	16	static
/usr/include/c++/14.2.1/format:4127:28:std::__format::__do_vformat_to<_Sink_iter<char>, char, std::basic_format_context<_Sink_iter<char>, char> >(_Sink_iter<char>, std::basic_string_view<char>, const std::basic_format_args<std::basic_format_context<_Sink_iter<char>, char> >&, const std::locale*)::<lambda(auto:40&)> [with auto:40 = long double]	16	static
/usr/include/c++/14.2.1/format:4127:28:std::__format::__do_vformat_to<_Sink_iter<char>, char, std::basic_format_context<_Sink_iter<char>, char> >(_Sink_iter<char>, std::basic_string_view<char>, const std::basic_format_args<std::basic_format_context<_Sink_iter<char>, char> >&, const std::locale*)::<lambda(auto:40&)> [with auto:40 = const char*]	224	static
/usr/include/c++/14.2.1/format:4127:28:std::__format::__do_vformat_to<_Sink_iter<char>, char, std::basic_format_context<_Sink_iter<char>, char> >(_Sink_iter<char>, std::basic_string_view<char>, const std::basic_format_args<std::basic_format_context<_Sink_iter<char>, char> >&, const std::locale*)::<lambda(auto:40&)> [with auto:40 = std::basic_string_view<char>]	224	static
/usr/include/c++/14.2.1/format:4127:28:std::__format::__do_vformat_to<_Sink_iter<char>, char, std::basic_format_context<_Sink_iter<char>, char> >(_Sink_iter<char>, std::basic_string_view<char>, const std::basic_format_args<std::basic_format_context<_Sink_iter<char>, char> >&, const std::locale*)::<lambda(auto:40&)> [with auto:40 = const void*]	16	static
/usr/include/c++/14.2.1/format:4127:28:std::__format::__do_vformat_to<_Sink_iter<char>, char, std::basic_format_context<_Sink_iter<char>, char> >(_Sink_iter<char>, std::basic_string_view<char>, const std::basic_format_args<std::basic_format_context<_Sink_iter<char>, char> >&, const std::locale*)::<lambda(auto:40&)> [with auto:40 = std::basic_format_arg<std::basic_format_context<std::__format::_Sink_iter<char>, char> >::handle]	16	static
/usr/include/c++/14.2.1/format:4127:28:std::__format::__do_vformat_to<_Sink_iter<char>, char, std::basic_format_context<_Sink_iter<char>, char> >(_Sink_iter<char>, std::basic_string_view<char>, const std::basic_format_args<std::basic_format_context<_Sink_iter<char>, char> >&, const std::locale*)::<lambda(auto:40&)> [with auto:40 = __int128]	16	static
/usr/include/c++/14.2.1/format:4127:28:std::__format::__do_vformat_to<_Sink_iter<char>, char, std::basic_format_context<_Sink_iter<char>, char> >(_Sink_iter<char>, std::basic_string_view<char>, const std::basic_format_args<std::basic_format_context<_Sink_iter<char>, char> >&, const std::locale*)::<lambda(auto:40&)> [with auto:40 = __int128 unsigned]	16	static
/usr/include/c++/14.2.1/format:4127:28:std::__format::__do_vformat_to<_Sink_iter<char>, char, std::basic_format_context<_Sink_iter<char>, char> >(_Sink_iter<char>, std::basic_string_view<char>, const std::basic_format_args<std::basic_format_context<_Sink_iter<char>, char> >&, const std::locale*)::<lambda(auto:40&)> [with auto:40 = _Float128]	16	static
/usr/include/c++/14.2.1/format:3502:2:decltype(auto) std::basic_format_arg<_Context>::_M_visit(_Visitor&&, std::__format::_Arg_t) [with _Visitor = std::__format::__do_vformat_to<_Sink_iter<char>, char, std::basic_format_context<_Sink_iter<char>, char> >(_Sink_iter<char>, std::basic_string_view<char>, const std::basic_format_args<std::basic_format_context<_Sink_iter<char>, char> >&, const std::locale*)::<lambda(auto:40&)>; _Context = std::basic_format_context<std::__format::_Sink_iter<char>, char>]	80	static
/usr/include/c++/14.2.1/format:3568:5:decltype(auto) std::visit_format_arg(_Visitor&&, basic_format_arg<_Context>) [with _Visitor = __format::__do_vformat_to<_Sink_iter<char>, char, std::basic_format_context<_Sink_iter<char>, char> >(_Sink_iter<char>, std::basic_string_view<char>, const std::basic_format_args<std::basic_format_context<_Sink_iter<char>, char> >&, const std::locale*)::<lambda(auto:40&)>; _Context = basic_format_context<__format::_Sink_iter<char>, char>]	208	static
/usr/include/c++/14.2.1/format:3868:7:std::basic_format_context<_Out, _CharT>::~basic_format_context() [with _Out = std::__format::_Sink_iter<char>; _CharT = char]	48	static
/usr/include/c++/14.2.1/format:4110:5:_Out std::__format::__do_vformat_to(_Out, std::basic_string_view<_CharT>, const std::basic_format_args<_Context>&, const std::locale*) [with _Out = _Sink_iter<char>; _CharT = char; _Context = std::basic_format_context<_Sink_iter<char>, char>]	1136	dynamic,bounded
/usr/include/c++/14.2.1/span:261:7:constexpr bool std::span<_Type, _Extent>::empty() const [with _Type = char; long unsigned int _Extent = 18446744073709551615]	32	static
/usr/include/c++/14.2.1/format:2793:7:void std::__format::_Seq_sink<_Seq>::_M_overflow() [with _Seq = std::__cxx11::basic_string<char>]	256	static
/usr/include/c++/14.2.1/bits/ptr_traits.h:205:5:constexpr _Tp* std::__to_address(_Tp*) [with _Tp = char]	16	static
/usr/include/c++/14.2.1/bits/basic_string.h:2665:7:constexpr _CharT* std::__cxx11::basic_string<_CharT, _Traits, _Alloc>::data() [with _CharT = char; _Traits = std::char_traits<char>; _Alloc = std::allocator<char>]	32	static
/usr/include/c++/14.2.1/span:213:2:constexpr std::span<_Type, _Extent>::span(_Range&&) [with _Range = std::__cxx11::basic_string<char>&; _Type = char; long unsigned int _Extent = 18446744073709551615]	48	static
/usr/include/c++/14.2.1/bits/basic_string.h:293:7:constexpr void std::__cxx11::basic_string<_CharT, _Traits, _Alloc>::_M_destroy(size_type) [with _CharT = char; _Traits = std::char_traits<char>; _Alloc = std::allocator<char>]	112	static
/usr/include/c++/14.2.1/bits/basic_string.h:430:7:static constexpr void std::__cxx11::basic_string<_CharT, _Traits, _Alloc>::_S_copy(_CharT*, const _CharT*, size_type) [with _CharT = char; _Traits = std::char_traits<char>; _Alloc = std::allocator<char>]	64	static
/usr/include/c++/14.2.1/bits/basic_string.h:1180:7:constexpr std::__cxx11::basic_string<_CharT, _Traits, _Alloc>::size_type std::__cxx11::basic_string<_CharT, _Traits, _Alloc>::capacity() const [with _CharT = char; _Traits = std::char_traits<char>; _Alloc = std::allocator<char>]	32	static
/usr/include/c++/14.2.1/bits/move.h:51:5:constexpr _Tp* std::__addressof(_Tp&) [with _Tp = const __cxx11::basic_string<char>]	16	static
/usr/include/c++/14.2.1/bits/basic_string.tcc:277:5:constexpr void std::__cxx11::basic_string<_CharT, _Traits, _Alloc>::_M_assign(const std::__cxx11::basic_string<_CharT, _Traits, _Alloc>&) [with _CharT = char; _Traits = std::char_traits<char>; _Alloc = std::allocator<char>]	192	static
/usr/include/c++/14.2.1/bits/basic_string.tcc:304:5:constexpr void std::__cxx11::basic_string<_CharT, _Traits, _Alloc>::reserve(size_type) [with _CharT = char; _Traits = std::char_traits<char>; _Alloc = std::allocator<char>]	192	static
/usr/include/c++/14.2.1/bits/basic_string.h:1397:7:constexpr std::__cxx11::basic_string<_CharT, _Traits, _Alloc>& std::__cxx11::basic_string<_CharT, _Traits, _Alloc>::operator+=(_CharT) [with _CharT = char; _Traits = std::char_traits<char>; _Alloc = std::allocator<char>]	32	static
/usr/include/c++/14.2.1/bits/basic_string.h:391:7:constexpr std::__cxx11::basic_string<_CharT, _Traits, _Alloc>::size_type std::__cxx11::basic_string<_CharT, _Traits, _Alloc>::_M_check(size_type, const char*) const [with _CharT = char; _Traits = std::char_traits<char>; _Alloc = std::allocator<char>]	64	static
/usr/include/c++/14.2.1/bits/basic_string.tcc:511:5:constexpr std::__cxx11::basic_string<_CharT, _Traits, _Allocator>& std::__cxx11::basic_string<_CharT, _Traits, _Alloc>::_M_replace(size_type, size_type, const _CharT*, size_type) [with _CharT = char; _Traits = std::char_traits<char>; _Alloc = std::allocator<char>]	144	static
/usr/include/c++/14.2.1/bits/ranges_util.h:354:7:constexpr _It std::ranges::subrange<_It, _Sent, _Kind>::begin() const requires  copyable<_It> [with _It = const char*; _Sent = const char*; std::ranges::subrange_kind _Kind = std::ranges::subrange_kind::sized]	32	static
/usr/include/c++/14.2.1/bits/ranges_util.h:361:23:constexpr _Sent std::ranges::subrange<_It, _Sent, _Kind>::end() const [with _It = const char*; _Sent = const char*; std::ranges::subrange_kind _Kind = std::ranges::subrange_kind::sized]	32	static
/usr/include/c++/14.2.1/bits/ranges_util.h:298:7:constexpr std::ranges::subrange<_It, _Sent, _Kind>::subrange(auto:1, _Sent) requires ! std::ranges::subrange<_It, _Sent, _Kind>::_S_store_size [with auto:1 = const char*; _It = const char*; _Sent = const char*; std::ranges::subrange_kind _Kind = std::ranges::subrange_kind::sized]	192	static
/usr/include/c++/14.2.1/bits/unicode.h:570:7:constexpr std::__unicode::_Utf_view<_ToFormat, _Range>::_Utf_view(_Range&&) [with _ToFormat = char32_t; _Range = std::ranges::subrange<const char*, const char*, std::ranges::subrange_kind::sized>]	48	static
/usr/include/c++/14.2.1/bits/unicode.h:480:7:constexpr _Iter& std::__unicode::_Utf_iterator<_FromFmt, _ToFmt, _Iter, _Sent, _ErrorHandler>::_M_curr() [with _FromFmt = char; _ToFmt = char32_t; _Iter = const char*; _Sent = const char*; _ErrorHandler = std::__unicode::_Repl]	48	static
/usr/include/c++/14.2.1/bits/unicode.h:108:7:constexpr std::__unicode::_Utf_iterator<_FromFmt, _ToFmt, _Iter, _Sent, _ErrorHandler>::_Utf_iterator(_Iter, _Iter, _Sent) requires  bidirectional_iterator<_Iter> [with _FromFmt = char; _ToFmt = char32_t; _Iter = const char*; _Sent = const char*; _ErrorHandler = std::__unicode::_Repl]	192	static
/usr/include/c++/14.2.1/bits/unicode.h:175:7:constexpr std::__unicode::_Utf_iterator<_FromFmt, _ToFmt, _Iter, _Sent, _ErrorHandler> std::__unicode::_Utf_iterator<_FromFmt, _ToFmt, _Iter, _Sent, _ErrorHandler>::operator++(int) [with _FromFmt = char; _ToFmt = char32_t; _Iter = const char*; _Sent = const char*; _ErrorHandler = std::__unicode::_Repl]	64	static
/usr/include/c++/14.2.1/bits/unicode.h:155:7:constexpr std::__unicode::_Utf_iterator<_FromFmt, _ToFmt, _Iter, _Sent, _ErrorHandler>::value_type std::__unicode::_Utf_iterator<_FromFmt, _ToFmt, _Iter, _Sent, _ErrorHandler>::operator*() const [with _FromFmt = char; _ToFmt = char32_t; _Iter = const char*; _Sent = const char*; _ErrorHandler = std::__unicode::_Repl]	48	static
/usr/include/c++/14.2.1/bits/unicode.h:150:7:constexpr _Iter std::__unicode::_Utf_iterator<_FromFmt, _ToFmt, _Iter, _Sent, _ErrorHandler>::base() const requires  forward_iterator<_Iter> [with _FromFmt = char; _ToFmt = char32_t; _Iter = const char*; _Sent = const char*; _ErrorHandler = std::__unicode::_Repl]	32	static
/usr/include/c++/14.2.1/format:418:7:static constexpr std::__format::_Align std::__format::_Spec<_CharT>::_S_align(_CharT) [with _CharT = char]	16	static
/usr/include/c++/14.2.1/format:522:7:static constexpr std::__format::_Spec<_CharT>::iterator std::__format::_Spec<_CharT>::_S_parse_width_or_precision(iterator, iterator, short unsigned int&, bool&, std::basic_format_parse_context<_CharT>&) [with _CharT = char]	272	static
/usr/include/c++/14.2.1/format:851:20:std::__format::__formatter_str<char>::parse(std::basic_format_parse_context<char>&)::<lambda()>	48	static
/usr/include/c++/14.2.1/format:855:20:std::__format::__formatter_str<char>::parse(std::basic_format_parse_context<char>&)::<lambda()>	48	static
/usr/include/c++/14.2.1/format:845:7:constexpr typename std::basic_format_parse_context<_CharT>::iterator std::__format::__formatter_str<_CharT>::parse(std::basic_format_parse_context<_CharT>&) [with _CharT = char]	336	static
/usr/include/c++/14.2.1/bits/stl_vector.h:1917:7:static constexpr std::vector<_Tp, _Alloc>::size_type std::vector<_Tp, _Alloc>::_S_check_init_len(size_type, const allocator_type&) [with _Tp = long long int; _Alloc = std::allocator<long long int>]	192	static
/usr/include/c++/14.2.1/bits/stl_vector.h:145:2:constexpr std::_Vector_base<_Tp, _Alloc>::_Vector_impl::_Vector_impl(const std::_Vector_base<_Tp, _Alloc>::_Tp_alloc_type&) [with _Tp = long long int; _Alloc = std::allocator<long long int>]	80	static
/usr/include/c++/14.2.1/bits/stl_vector.h:332:7:constexpr std::_Vector_base<_Tp, _Alloc>::_Vector_base(std::size_t, const allocator_type&) [with _Tp = long long int; _Alloc = std::allocator<long long int>]	64	static
/usr/include/c++/14.2.1/bits/stl_vector.h:1717:7:constexpr void std::vector<_Tp, _Alloc>::_M_default_initialize(size_type) [with _Tp = long long int; _Alloc = std::allocator<long long int>]	48	static
/usr/include/c++/14.2.1/bits/stl_vector.h:300:7:constexpr std::_Vector_base<_Tp, _Alloc>::_Tp_alloc_type& std::_Vector_base<_Tp, _Alloc>::_M_get_Tp_allocator() [with _Tp = long long int; _Alloc = std::allocator<long long int>]	48	static
/usr/include/c++/14.2.1/bits/move.h:71:5:constexpr _Tp&& std::forward(typename remove_reference<_Functor>::type&) [with _Tp = long long int&]	32	static
/usr/include/c++/14.2.1/print:120:5:) [with _Args = {long long int&}]	272	static
/usr/include/c++/14.2.1/print:104:5:) [with _Args = {long long int&}]	352	static
/usr/include/c++/14.2.1/bits/stl_vector.h:1706:7:constexpr void std::vector<_Tp, _Alloc>::_M_fill_initialize(size_type, const value_type&) [with _Tp = long long int; _Alloc = std::allocator<long long int>]	64	static
/usr/include/c++/14.2.1/bits/stl_vector.h:385:7:constexpr void std::_Vector_base<_Tp, _Alloc>::_M_deallocate(pointer, std::size_t) [with _Tp = long long int; _Alloc = std::allocator<long long int>]	112	static
/usr/include/c++/14.2.1/bits/stl_vector.h:998:7:constexpr std::vector<_Tp, _Alloc>::size_type std::vector<_Tp, _Alloc>::max_size() const [with _Tp = long long int; _Alloc = std::allocator<long long int>]	48	static
/usr/include/c++/14.2.1/bits/stl_vector.h:305:7:constexpr const std::_Vector_base<_Tp, _Alloc>::_Tp_alloc_type& std::_Vector_base<_Tp, _Alloc>::_M_get_Tp_allocator() const [with _Tp = long long int; _Alloc = std::allocator<long long int>]	32	static
/usr/include/c++/14.2.1/bits/stl_vector.h:1926:7:static constexpr std::vector<_Tp, _Alloc>::size_type std::vector<_Tp, _Alloc>::_S_max_size(const _Tp_alloc_type&) [with _Tp = long long int; _Alloc = std::allocator<long long int>]	192	static
/usr/include/c++/14.2.1/bits/stl_vector.h:1906:7:constexpr std::vector<_Tp, _Alloc>::size_type std::vector<_Tp, _Alloc>::_M_check_len(size_type, const char*) const [with _Tp = long long int; _Alloc = std::allocator<long long int>]	240	static
/usr/include/c++/14.2.1/bits/stl_vector.h:893:7:constexpr std::vector<_Tp, _Alloc>::iterator std::vector<_Tp, _Alloc>::end() [with _Tp = long long int; _Alloc = std::allocator<long long int>]	176	static
/usr/include/c++/14.2.1/bits/stl_iterator.h:1067:7:constexpr __gnu_cxx::__normal_iterator<_Iterator, _Container>::__normal_iterator(const _Iterator&) [with _Iterator = long long int*; _Container = std::vector<long long int, std::allocator<long long int> >]	48	static
/usr/include/c++/14.2.1/bits/stl_iterator.h:1325:5:constexpr typename __gnu_cxx::__normal_iterator<_Iterator, _Container>::difference_type __gnu_cxx::operator-(const __normal_iterator<_Iterator, _Container>&, const __normal_iterator<_Iterator, _Container>&) [with _Iterator = long long int*; _Container = std::vector<long long int, std::allocator<long long int> >]	48	static
/usr/include/c++/14.2.1/bits/stl_vector.h:873:7:constexpr std::vector<_Tp, _Alloc>::iterator std::vector<_Tp, _Alloc>::begin() [with _Tp = long long int; _Alloc = std::allocator<long long int>]	176	static
/usr/include/c++/14.2.1/bits/vector.tcc:607:2:)::_Guard::_Guard(std::vector<_Tp, _Alloc>::pointer, std::vector<_Tp, _Alloc>::size_type, std::vector<_Tp, _Alloc>::_Tp_alloc_type&) [with _Args = {long long int&}; _Tp = long long int; _Alloc = std::allocator<long long int>]	48	static
/usr/include/c++/14.2.1/bits/vector.tcc:612:2:)::_Guard::~_Guard() [with _Args = {long long int&}; _Tp = long long int; _Alloc = std::allocator<long long int>]	112	static
/usr/include/c++/14.2.1/bits/vector.tcc:581:7:) [with _Args = {long long int&}; _Tp = long long int; _Alloc = std::allocator<long long int>]	368	static
/usr/include/c++/14.2.1/bits/stl_vector.h:1235:7:constexpr std::vector<_Tp, _Alloc>::reference std::vector<_Tp, _Alloc>::back() [with _Tp = long long int; _Alloc = std::allocator<long long int>]	208	static
/usr/include/c++/14.2.1/print:120:5:) [with _Args = {long unsigned int, long unsigned int}]	288	static
/usr/include/c++/14.2.1/bits/stl_vector.h:1607:7:constexpr void std::vector<_Tp, _Alloc>::clear() [with _Tp = long long int; _Alloc = std::allocator<long long int>]	32	static
/usr/include/c++/14.2.1/bits/stl_vector.h:1078:7:constexpr std::vector<_Tp, _Alloc>::size_type std::vector<_Tp, _Alloc>::capacity() const [with _Tp = long long int; _Alloc = std::allocator<long long int>]	48	static
/usr/include/c++/14.2.1/bits/stl_vector.h:883:7:constexpr std::vector<_Tp, _Alloc>::const_iterator std::vector<_Tp, _Alloc>::begin() const [with _Tp = long long int; _Alloc = std::allocator<long long int>]	160	static
/usr/include/c++/14.2.1/bits/stl_vector.h:903:7:constexpr std::vector<_Tp, _Alloc>::const_iterator std::vector<_Tp, _Alloc>::end() const [with _Tp = long long int; _Alloc = std::allocator<long long int>]	160	static
/usr/include/c++/14.2.1/bits/stl_vector.h:1618:2:constexpr std::vector<_Tp, _Alloc>::pointer std::vector<_Tp, _Alloc>::_M_allocate_and_copy(size_type, _ForwardIterator, _ForwardIterator) [with _ForwardIterator = __gnu_cxx::__normal_iterator<const long long int*, std::vector<long long int, std::allocator<long long int> > >; _Tp = long long int; _Alloc = std::allocator<long long int>]	240	static
/usr/include/c++/14.2.1/bits/stl_algobase.h:642:5:constexpr _OI std::copy(_II, _II, _OI) [with _II = __gnu_cxx::__normal_iterator<const long long int*, vector<long long int, allocator<long long int> > >; _OI = __gnu_cxx::__normal_iterator<long long int*, vector<long long int, allocator<long long int> > >]	256	static
/usr/include/c++/14.2.1/bits/stl_algobase.h:642:5:constexpr _OI std::copy(_II, _II, _OI) [with _II = long long int*; _OI = long long int*]	64	static
/usr/include/c++/14.2.1/bits/stl_uninitialized.h:366:5:constexpr _ForwardIterator std::__uninitialized_copy_a(_InputIterator, _InputIterator, _ForwardIterator, allocator<_Tp>&) [with _InputIterator = long long int*; _ForwardIterator = long long int*; _Tp = long long int]	48	static
/usr/include/c++/14.2.1/format:473:7:static constexpr std::__format::_Sign std::__format::_Spec<_CharT>::_S_sign(_CharT) [with _CharT = char]	16	static
/usr/include/c++/14.2.1/bits/stl_pair.h:442:2:constexpr std::pair<_T1, _T2>::pair(_U1&&, _U2&&) [with _U1 = int; _U2 = const char*; _T1 = short unsigned int; _T2 = const char*]	64	static
/usr/include/c++/14.2.1/bits/stl_pair.h:428:7:constexpr std::pair<_T1, _T2>::pair(const _T1&, const _T2&) requires  _S_constructible<const _T1&, const _T2&>() [with _T1 = short unsigned int; _T2 = const char*]	64	static
/usr/include/c++/14.2.1/format:307:5:constexpr std::pair<short unsigned int, const _CharT*> std::__format::__parse_integer(const _CharT*, const _CharT*) [with _CharT = char]	336	static
/usr/include/c++/14.2.1/bits/move.h:71:5:constexpr _Tp&& std::forward(typename remove_reference<_Functor>::type&) [with _Tp = std::nullptr_t]	32	static
/usr/include/c++/14.2.1/bits/stl_pair.h:442:2:constexpr std::pair<_T1, _T2>::pair(_U1&&, _U2&&) [with _U1 = int; _U2 = std::nullptr_t; _T1 = short unsigned int; _T2 = const char*]	64	static
/usr/include/c++/14.2.1/bits/move.h:71:5:constexpr _Tp&& std::forward(typename remove_reference<_Functor>::type&) [with _Tp = char&]	32	static
/usr/include/c++/14.2.1/bits/ptr_traits.h:134:7:static constexpr _Tp* std::__ptr_traits_ptr_to<_Tp*, _Tp, false>::pointer_to(element_type&) [with _Tp = const char]	32	static
/usr/include/c++/14.2.1/bits/basic_string.tcc:138:5:constexpr std::__cxx11::basic_string<_CharT, _Traits, _Alloc>::pointer std::__cxx11::basic_string<_CharT, _Traits, _Alloc>::_M_create(size_type&, size_type) [with _CharT = char; _Traits = std::char_traits<char>; _Alloc = std::allocator<char>]	64	static
/usr/include/c++/14.2.1/bit:371:5:constexpr int std::__bit_width(_Tp) [with _Tp = long unsigned int]	64	static
/usr/include/c++/14.2.1/bits/predefined_ops.h:97:7:constexpr bool __gnu_cxx::__ops::_Val_less_iter::operator()(_Value&, _Iterator) const [with _Value = const char32_t; _Iterator = const char32_t*]	64	static
/usr/include/c++/14.2.1/bits/predefined_ops.h:68:7:constexpr bool __gnu_cxx::__ops::_Iter_less_val::operator()(_Iterator, _Value&) const [with _Iterator = const unsigned int*; _Value = const unsigned int]	64	static
/usr/include/c++/14.2.1/bits/predefined_ops.h:262:7:constexpr __gnu_cxx::__ops::_Iter_equals_val<_Value>::_Iter_equals_val(_Value&) [with _Value = const char32_t]	32	static
/usr/include/c++/14.2.1/bits/stl_algobase.h:2099:5:constexpr _RandomAccessIterator std::__find_if(_RandomAccessIterator, _RandomAccessIterator, _Predicate, random_access_iterator_tag) [with _RandomAccessIterator = const char32_t*; _Predicate = __gnu_cxx::__ops::_Iter_equals_val<const char32_t>]	208	static
/usr/include/c++/14.2.1/span:187:2:constexpr std::span<_Type, _Extent>::span(std::type_identity_t<_Type> (&)[_ArrayExtent]) [with long unsigned int _ArrayExtent = 256; _Type = char; long unsigned int _Extent = 18446744073709551615]	48	static
/usr/include/c++/14.2.1/bits/move.h:175:5:constexpr _Tp* std::addressof(_Tp&) [with _Tp = __format::_Sink<char>]	32	static
/usr/include/c++/14.2.1/bits/move.h:71:5:constexpr _Tp&& std::forward(typename remove_reference<_Functor>::type&) [with _Tp = __format::__do_vformat_to<_Sink_iter<char>, char, std::basic_format_context<_Sink_iter<char>, char> >(_Sink_iter<char>, std::basic_string_view<char>, const std::basic_format_args<std::basic_format_context<_Sink_iter<char>, char> >&, const std::locale*)::<lambda(auto:40&)>]	32	static
/usr/include/c++/14.2.1/format:2736:7:std::__format::_Sink<_CharT>::_Reservation std::__format::_Sink<_CharT>::_M_reserve(std::size_t) [with _CharT = char]	304	static
/usr/include/c++/14.2.1/format:2723:11:std::__format::_Sink<_CharT>::_Reservation::operator bool() const [with _CharT = char]	32	static
/usr/include/c++/14.2.1/format:2725:10:_CharT* std::__format::_Sink<_CharT>::_Reservation::get() const [with _CharT = char]	48	static
/usr/include/c++/14.2.1/format:2727:7:void std::__format::_Sink<_CharT>::_Reservation::_M_bump(std::size_t) [with _CharT = char]	48	static
/usr/include/c++/14.2.1/format:3845:7:std::basic_format_context<_Out, _CharT>::basic_format_context(std::basic_format_args<std::basic_format_context<_Out, _CharT> >, _Out) [with _Out = std::__format::_Sink_iter<char>; _CharT = char]	224	static
/usr/include/c++/14.2.1/format:3850:7:std::basic_format_context<_Out, _CharT>::basic_format_context(std::basic_format_args<std::basic_format_context<_Out, _CharT> >, _Out, const std::locale&) [with _Out = std::__format::_Sink_iter<char>; _CharT = char]	224	static
/usr/include/c++/14.2.1/format:4021:7:std::__format::_Formatting_scanner<_Out, _CharT>::_Formatting_scanner(std::basic_format_context<_Out, _CharT>&, std::basic_string_view<_CharT>) [with _Out = std::__format::_Sink_iter<char>; _CharT = char]	192	static
/usr/include/c++/14.2.1/format:3884:16:std::basic_format_context<_Out, _CharT>::iterator std::basic_format_context<_Out, _CharT>::out() [with _Out = std::__format::_Sink_iter<char>; _CharT = char]	48	static
/usr/include/c++/14.2.1/span:311:7:constexpr std::span<_Type, _Extent>::iterator std::span<_Type, _Extent>::begin() const [with _Type = char; long unsigned int _Extent = 18446744073709551615]	160	static
/usr/include/c++/14.2.1/bits/stl_iterator.h:1325:5:constexpr typename __gnu_cxx::__normal_iterator<_Iterator, _Container>::difference_type __gnu_cxx::operator-(const __normal_iterator<_Iterator, _Container>&, const __normal_iterator<_Iterator, _Container>&) [with _Iterator = char*; _Container = std::span<char, 18446744073709551615>]	48	static
/usr/include/c++/14.2.1/span:368:7:constexpr std::span<_Type, 18446744073709551615> std::span<_Type, _Extent>::first(size_type) const [with _Type = char; long unsigned int _Extent = 18446744073709551615]	160	static
/usr/include/c++/14.2.1/bits/basic_string.h:1466:7:constexpr std::__cxx11::basic_string<_CharT, _Traits, _Alloc>& std::__cxx11::basic_string<_CharT, _Traits, _Alloc>::append(const _CharT*, size_type) [with _CharT = char; _Traits = std::char_traits<char>; _Alloc = std::allocator<char>]	48	static
/usr/include/c++/14.2.1/string_view:334:7:constexpr std::basic_string_view<_CharT, _Traits> std::basic_string_view<_CharT, _Traits>::substr(size_type, size_type) const [with _CharT = char; _Traits = std::char_traits<char>]	272	static
/usr/include/c++/14.2.1/bits/basic_string.tcc:450:5:constexpr std::__cxx11::basic_string<_CharT, _Traits, _Allocator>& std::__cxx11::basic_string<_CharT, _Traits, _Alloc>::_M_replace_aux(size_type, size_type, size_type, _CharT) [with _CharT = char; _Traits = std::char_traits<char>; _Alloc = std::allocator<char>]	112	static
/usr/include/c++/14.2.1/bits/basic_string.h:1572:7:constexpr void std::__cxx11::basic_string<_CharT, _Traits, _Alloc>::push_back(_CharT) [with _CharT = char; _Traits = std::char_traits<char>; _Alloc = std::allocator<char>]	192	static
/usr/include/c++/14.2.1/bits/basic_string.h:1541:9:constexpr std::__cxx11::basic_string<_CharT, _Traits, _Alloc>::_If_sv<_Tp, std::__cxx11::basic_string<_CharT, _Traits, _Alloc>&> std::__cxx11::basic_string<_CharT, _Traits, _Alloc>::append(const _Tp&) [with _Tp = std::basic_string_view<char>; _CharT = char; _Traits = std::char_traits<char>; _Alloc = std::allocator<char>]	176	static
/usr/include/c++/14.2.1/bits/basic_string.h:1089:7:constexpr std::__cxx11::basic_string<_CharT, _Traits, _Alloc>::size_type std::__cxx11::basic_string<_CharT, _Traits, _Alloc>::max_size() const [with _CharT = char; _Traits = std::char_traits<char>; _Alloc = std::allocator<char>]	16	static
/usr/include/c++/14.2.1/bits/basic_string.h:402:7:constexpr void std::__cxx11::basic_string<_CharT, _Traits, _Alloc>::_M_check_length(size_type, size_type, const char*) const [with _CharT = char; _Traits = std::char_traits<char>; _Alloc = std::allocator<char>]	64	static
/usr/include/c++/14.2.1/bits/basic_string.h:129:7:static constexpr std::__cxx11::basic_string<_CharT, _Traits, _Alloc>::pointer std::__cxx11::basic_string<_CharT, _Traits, _Alloc>::_S_allocate(_Char_alloc_type&, size_type) [with _CharT = char; _Traits = std::char_traits<char>; _Alloc = std::allocator<char>]	192	static
/usr/include/c++/14.2.1/bits/basic_string.h:420:7:bool std::__cxx11::basic_string<_CharT, _Traits, _Alloc>::_M_disjunct(const _CharT*) const [with _CharT = char; _Traits = std::char_traits<char>; _Alloc = std::allocator<char>]	224	static
/usr/include/c++/14.2.1/bits/basic_string.h:440:7:static constexpr void std::__cxx11::basic_string<_CharT, _Traits, _Alloc>::_S_move(_CharT*, const _CharT*, size_type) [with _CharT = char; _Traits = std::char_traits<char>; _Alloc = std::allocator<char>]	64	static
/usr/include/c++/14.2.1/bits/basic_string.tcc:325:5:constexpr void std::__cxx11::basic_string<_CharT, _Traits, _Alloc>::_M_mutate(size_type, size_type, const _CharT*, size_type) [with _CharT = char; _Traits = std::char_traits<char>; _Alloc = std::allocator<char>]	224	static
/usr/include/c++/14.2.1/bits/move.h:137:5:constexpr typename std::remove_reference<_Tp>::type&& std::move(_Tp&&) [with _Tp = const char*&]	32	static
/usr/include/c++/14.2.1/bits/move.h:71:5:constexpr _Tp&& std::forward(typename remove_reference<_Functor>::type&) [with _Tp = ranges::subrange<const char*, const char*, std::ranges::subrange_kind::sized>]	32	static
/usr/include/c++/14.2.1/bits/unicode.h:509:4:constexpr std::__unicode::_Utf_iterator<_FromFmt, _ToFmt, _Iter, _Sent, _ErrorHandler>::_First_and_curr<_It>::_First_and_curr(_It, _It) [with _It = const char*; _FromFmt = char; _ToFmt = char32_t; _Iter = const char*; _Sent = const char*; _ErrorHandler = std::__unicode::_Repl]	48	static
/usr/include/c++/14.2.1/bits/unicode.h:231:7:constexpr void std::__unicode::_Utf_iterator<_FromFmt, _ToFmt, _Iter, _Sent, _ErrorHandler>::_M_read() [with _FromFmt = char; _ToFmt = char32_t; _Iter = const char*; _Sent = const char*; _ErrorHandler = std::__unicode::_Repl]	32	static
/usr/include/c++/14.2.1/bits/unicode.h:158:7:constexpr std::__unicode::_Utf_iterator<_FromFmt, _ToFmt, _Iter, _Sent, _ErrorHandler>& std::__unicode::_Utf_iterator<_FromFmt, _ToFmt, _Iter, _Sent, _ErrorHandler>::operator++() [with _FromFmt = char; _ToFmt = char32_t; _Iter = const char*; _Sent = const char*; _ErrorHandler = std::__unicode::_Repl]	80	static
/usr/include/c++/14.2.1/array:214:7:constexpr const std::array<_Tp, _Nm>::value_type& std::array<_Tp, _Nm>::operator[](size_type) const [with _Tp = char32_t; long unsigned int _Nm = 1]	32	static
/usr/include/c++/14.2.1/bits/unicode.h:483:7:constexpr _Iter std::__unicode::_Utf_iterator<_FromFmt, _ToFmt, _Iter, _Sent, _ErrorHandler>::_M_curr() const [with _FromFmt = char; _ToFmt = char32_t; _Iter = const char*; _Sent = const char*; _ErrorHandler = std::__unicode::_Repl]	32	static
/usr/include/c++/14.2.1/print:104:5:) [with _Args = {__cxx11::basic_string<char, char_traits<char>, allocator<char> >}]	352	static
/usr/include/c++/14.2.1/format:575:7:constexpr std::__format::_Spec<_CharT>::iterator std::__format::_Spec<_CharT>::_M_parse_precision(iterator, iterator, std::basic_format_parse_context<_CharT>&) [with _CharT = char]	208	static
/usr/include/c++/14.2.1/bits/stl_vector.h:396:7:constexpr void std::_Vector_base<_Tp, _Alloc>::_M_create_storage(std::size_t) [with _Tp = long long int; _Alloc = std::allocator<long long int>]	48	static
/usr/include/c++/14.2.1/bits/stl_uninitialized.h:777:5:constexpr _ForwardIterator std::__uninitialized_default_n_a(_ForwardIterator, _Size, allocator<_Tp>&) [with _ForwardIterator = long long int*; _Size = long unsigned int; _Tp = long long int]	48	static
/usr/include/c++/14.2.1/bits/stl_construct.h:182:5:constexpr void std::_Destroy(_ForwardIterator, _ForwardIterator) [with _ForwardIterator = long long int*]	32	static
/usr/include/c++/14.2.1/format:4296:5:) [with _Args = {long long int&}]	384	static
/usr/include/c++/14.2.1/bits/stl_iterator.h:257:7:constexpr std::reverse_iterator<_Iterator>::reference std::reverse_iterator<_Iterator>::operator*() const [with _Iterator = const std::__format::_Arg_t*]	64	static
/usr/include/c++/14.2.1/array:167:7:constexpr std::array<_Tp, _Nm>::const_reverse_iterator std::array<_Tp, _Nm>::rend() const [with _Tp = std::__format::_Arg_t; long unsigned int _Nm = 1]	32	static
/usr/include/c++/14.2.1/array:137:7:constexpr const std::array<_Tp, _Nm>::value_type* std::array<_Tp, _Nm>::begin() const [with _Tp = std::__format::_Arg_t; long unsigned int _Nm = 1]	32	static
/usr/include/c++/14.2.1/array:287:7:constexpr const std::array<_Tp, _Nm>::value_type* std::array<_Tp, _Nm>::data() const [with _Tp = std::__format::_Arg_t; long unsigned int _Nm = 1]	32	static
/usr/include/c++/14.2.1/bits/stl_iterator.h:188:7:constexpr std::reverse_iterator<_Iterator>::reverse_iterator(iterator_type) [with _Iterator = const std::__format::_Arg_t*]	32	static
/usr/include/c++/14.2.1/bits/stl_iterator.h:241:7:constexpr std::reverse_iterator<_Iterator>::iterator_type std::reverse_iterator<_Iterator>::base() const [with _Iterator = const std::__format::_Arg_t*]	32	static
/usr/include/c++/14.2.1/bits/stl_iterator.h:586:5:constexpr bool std::operator==(const reverse_iterator<_IteratorL>&, const reverse_iterator<_IteratorL>&) requires requires{{std::operator==::__x->base() == std::operator==::__y->base()} -> decltype(auto) [requires std::convertible_to<<placeholder>, bool>];} [with _Iterator = const __format::_Arg_t*]	48	static
/usr/include/c++/14.2.1/format:3610:5:constexpr auto std::__format::__pack_arg_types(const std::array<_Arg_t, _Nm>&) [with int _Bits = 5; long unsigned int _Nm = 1]	240	static
/usr/include/c++/14.2.1/array:157:7:constexpr std::array<_Tp, _Nm>::const_reverse_iterator std::array<_Tp, _Nm>::rbegin() const [with _Tp = std::__format::_Arg_t; long unsigned int _Nm = 1]	32	static
/usr/include/c++/14.2.1/array:147:7:constexpr const std::array<_Tp, _Nm>::value_type* std::array<_Tp, _Nm>::end() const [with _Tp = std::__format::_Arg_t; long unsigned int _Nm = 1]	48	static
/usr/include/c++/14.2.1/bits/stl_iterator.h:289:7:constexpr std::reverse_iterator<_Iterator>& std::reverse_iterator<_Iterator>::operator++() [with _Iterator = const std::__format::_Arg_t*]	48	static
/usr/include/c++/14.2.1/format:3766:7:>&) [with _Args = {long long int}; _Context = std::basic_format_context<std::__format::_Sink_iter<char>, char>]	176	static
/usr/include/c++/14.2.1/bits/stl_uninitialized.h:465:5:constexpr _ForwardIterator std::__uninitialized_fill_n_a(_ForwardIterator, _Size, const _Tp&, allocator<_Tp2>&) [with _ForwardIterator = long long int*; _Size = long unsigned int; _Tp = long long int; _Tp2 = long long int]	48	static
/usr/include/c++/14.2.1/bits/stl_construct.h:94:5:) [with _Tp = long long int; _Args = {long long int&}]	48	static
/usr/include/c++/14.2.1/bits/stl_iterator.h:1153:7:constexpr const _Iterator& __gnu_cxx::__normal_iterator<_Iterator, _Container>::base() const [with _Iterator = long long int*; _Container = std::vector<long long int, std::allocator<long long int> >]	32	static
/usr/include/c++/14.2.1/bits/stl_vector.h:377:7:constexpr std::_Vector_base<_Tp, _Alloc>::pointer std::_Vector_base<_Tp, _Alloc>::_M_allocate(std::size_t) [with _Tp = long long int; _Alloc = std::allocator<long long int>]	208	static
/usr/include/c++/14.2.1/bits/ptr_traits.h:205:5:constexpr _Tp* std::__to_address(_Tp*) [with _Tp = long long int]	16	static
/usr/include/c++/14.2.1/bits/stl_vector.h:504:7:static constexpr std::vector<_Tp, _Alloc>::pointer std::vector<_Tp, _Alloc>::_S_relocate(pointer, pointer, pointer, _Tp_alloc_type&) [with _Tp = long long int; _Alloc = std::allocator<long long int>]	48	static
/usr/include/c++/14.2.1/bits/stl_iterator.h:1148:7:constexpr __gnu_cxx::__normal_iterator<_Iterator, _Container> __gnu_cxx::__normal_iterator<_Iterator, _Container>::operator-(difference_type) const [with _Iterator = long long int*; _Container = std::vector<long long int, std::allocator<long long int> >]	224	static
/usr/include/c++/14.2.1/bits/stl_iterator.h:1090:7:constexpr __gnu_cxx::__normal_iterator<_Iterator, _Container>::reference __gnu_cxx::__normal_iterator<_Iterator, _Container>::operator*() const [with _Iterator = long long int*; _Container = std::vector<long long int, std::allocator<long long int> >]	32	static
/usr/include/c++/14.2.1/format:4296:5:) [with _Args = {long unsigned int, long unsigned int}]	336	static
/usr/include/c++/14.2.1/bits/stl_vector.h:1943:7:constexpr void std::vector<_Tp, _Alloc>::_M_erase_at_end(pointer) [with _Tp = long long int; _Alloc = std::allocator<long long int>]	80	static
/usr/include/c++/14.2.1/bits/stl_iterator.h:1067:7:constexpr __gnu_cxx::__normal_iterator<_Iterator, _Container>::__normal_iterator(const _Iterator&) [with _Iterator = const long long int*; _Container = std::vector<long long int, std::allocator<long long int> >]	48	static
/usr/include/c++/14.2.1/bits/stl_uninitialized.h:366:5:constexpr _ForwardIterator std::__uninitialized_copy_a(_InputIterator, _InputIterator, _ForwardIterator, allocator<_Tp>&) [with _InputIterator = __gnu_cxx::__normal_iterator<const long long int*, vector<long long int, allocator<long long int> > >; _ForwardIterator = long long int*; _Tp = long long int]	208	static
/usr/include/c++/14.2.1/bits/cpp_type_traits.h:608:5:constexpr _Iterator std::__miter_base(_Iterator) [with _Iterator = __gnu_cxx::__normal_iterator<const long long int*, vector<long long int, allocator<long long int> > >]	144	static
/usr/include/c++/14.2.1/bits/stl_algobase.h:553:5:constexpr _OI std::__copy_move_a(_II, _II, _OI) [with bool _IsMove = false; _II = __gnu_cxx::__normal_iterator<const long long int*, vector<long long int, allocator<long long int> > >; _OI = __gnu_cxx::__normal_iterator<long long int*, vector<long long int, allocator<long long int> > >]	256	static
/usr/include/c++/14.2.1/bits/stl_construct.h:182:5:constexpr void std::_Destroy(_ForwardIterator, _ForwardIterator) [with _ForwardIterator = __gnu_cxx::__normal_iterator<long long int*, vector<long long int, allocator<long long int> > >]	192	static
/usr/include/c++/14.2.1/bits/cpp_type_traits.h:608:5:constexpr _Iterator std::__miter_base(_Iterator) [with _Iterator = long long int*]	16	static
/usr/include/c++/14.2.1/bits/stl_algobase.h:553:5:constexpr _OI std::__copy_move_a(_II, _II, _OI) [with bool _IsMove = false; _II = long long int*; _OI = long long int*]	192	static
/usr/include/c++/14.2.1/bits/stl_uninitialized.h:113:5:constexpr _ForwardIterator std::__do_uninit_copy(_InputIterator, _InputIterator, _ForwardIterator) [with _InputIterator = long long int*; _ForwardIterator = long long int*]	80	static
/usr/include/c++/14.2.1/bits/stl_uninitialized.h:163:5:_ForwardIterator std::uninitialized_copy(_InputIterator, _InputIterator, _ForwardIterator) [with _InputIterator = long long int*; _ForwardIterator = long long int*]	64	static
/usr/include/c++/14.2.1/charconv:448:5:constexpr unsigned char std::__detail::__from_chars_alnum_to_val(unsigned char) [with bool _DecOnly = true]	16	static
/usr/include/c++/14.2.1/charconv:517:5:constexpr bool std::__detail::__from_chars_alnum(const char*&, const char*, _Tp&, int) [with bool _DecOnly = true; _Tp = short unsigned int]	80	static
/usr/include/c++/14.2.1/bits/stl_pair.h:442:2:constexpr std::pair<_T1, _T2>::pair(_U1&&, _U2&&) [with _U1 = short unsigned int&; _U2 = const char*&; _T1 = short unsigned int; _T2 = const char*]	64	static
/usr/include/c++/14.2.1/bits/move.h:175:5:constexpr _Tp* std::addressof(_Tp&) [with _Tp = const char]	32	static
/usr/include/c++/14.2.1/bit:201:5:constexpr int std::__countl_zero(_Tp) [with _Tp = long unsigned int]	64	static
/usr/include/c++/14.2.1/bits/stl_iterator_base_funcs.h:184:5:constexpr void std::__advance(_RandomAccessIterator&, _Distance, random_access_iterator_tag) [with _RandomAccessIterator = const char32_t*; _Distance = long int]	48	static
/usr/include/c++/14.2.1/bits/stl_iterator_base_funcs.h:184:5:constexpr void std::__advance(_RandomAccessIterator&, _Distance, random_access_iterator_tag) [with _RandomAccessIterator = const unsigned int*; _Distance = long int]	48	static
/usr/include/c++/14.2.1/bits/predefined_ops.h:269:2:constexpr bool __gnu_cxx::__ops::_Iter_equals_val<_Value>::operator()(_Iterator) [with _Iterator = const char32_t*; _Value = const char32_t]	48	static
/usr/include/c++/14.2.1/string_view:303:7:constexpr void std::basic_string_view<_CharT, _Traits>::remove_suffix(size_type) [with _CharT = char; _Traits = std::char_traits<char>]	48	static
/usr/include/c++/14.2.1/bits/move.h:51:5:constexpr _Tp* std::__addressof(_Tp&) [with _Tp = __format::_Sink<char>]	16	static
/usr/include/c++/14.2.1/format:3656:7:std::__format::_Arg_t std::basic_format_args<_Context>::_M_type(std::size_t) const [with _Context = std::basic_format_context<std::__format::_Sink_iter<char>, char>]	64	static
/usr/include/c++/14.2.1/bits/stl_iterator.h:1067:7:constexpr __gnu_cxx::__normal_iterator<_Iterator, _Container>::__normal_iterator(const _Iterator&) [with _Iterator = char*; _Container = std::span<char, 18446744073709551615>]	48	static
/usr/include/c++/14.2.1/bits/stl_iterator.h:1095:7:constexpr __gnu_cxx::__normal_iterator<_Iterator, _Container>::pointer __gnu_cxx::__normal_iterator<_Iterator, _Container>::operator->() const [with _Iterator = char*; _Container = std::span<char, 18446744073709551615>]	32	static
/usr/include/c++/14.2.1/format:2753:7:void std::__format::_Sink<_CharT>::_M_bump(std::size_t) [with _CharT = char]	48	static
/usr/include/c++/14.2.1/bits/stl_iterator.h:1153:7:constexpr const _Iterator& __gnu_cxx::__normal_iterator<_Iterator, _Container>::base() const [with _Iterator = char*; _Container = std::span<char, 18446744073709551615>]	32	static
/usr/include/c++/14.2.1/span:157:2:constexpr std::span<_Type, _Extent>::span(_It, size_type) [with _It = char*; _Type = char; long unsigned int _Extent = 18446744073709551615]	64	static
/usr/include/c++/14.2.1/bits/basic_string.tcc:413:5:constexpr std::__cxx11::basic_string<_CharT, _Traits, _Allocator>& std::__cxx11::basic_string<_CharT, _Traits, _Alloc>::_M_append(const _CharT*, size_type) [with _CharT = char; _Traits = std::char_traits<char>; _Alloc = std::allocator<char>]	80	static
/usr/include/c++/14.2.1/bits/basic_string.h:450:7:static constexpr void std::__cxx11::basic_string<_CharT, _Traits, _Alloc>::_S_assign(_CharT*, size_type, _CharT) [with _CharT = char; _Traits = std::char_traits<char>; _Alloc = std::allocator<char>]	192	static
/usr/include/c++/14.2.1/bits/new_allocator.h:156:7:void std::__new_allocator<_Tp>::deallocate(_Tp*, size_type) [with _Tp = char]	48	static
/usr/include/c++/14.2.1/bits/stl_function.h:448:7:constexpr bool std::less<_Tp*>::operator()(_Tp*, _Tp*) const [with _Tp = const char]	16	static
/usr/include/c++/14.2.1/bits/unicode.h:269:16:std::__unicode::_Utf_iterator<char, char32_t, const char*, const char*, std::__unicode::_Repl>::_M_read_utf8()::<lambda()>	48	static
/usr/include/c++/14.2.1/bits/unicode.h:262:7:constexpr void std::__unicode::_Utf_iterator<_FromFmt, _ToFmt, _Iter, _Sent, _ErrorHandler>::_M_read_utf8() [with _FromFmt = char; _ToFmt = char32_t; _Iter = const char*; _Sent = const char*; _ErrorHandler = std::__unicode::_Repl]	272	static
/usr/include/c++/14.2.1/format:3766:7:>&) [with _Args = {std::basic_string_view<char, std::char_traits<char> >}; _Context = std::basic_format_context<std::__format::_Sink_iter<char>, char>]	176	static
/usr/include/c++/14.2.1/bits/stl_uninitialized.h:696:5:constexpr _ForwardIterator std::__uninitialized_default_n(_ForwardIterator, _Size) [with _ForwardIterator = long long int*; _Size = long unsigned int]	48	static
[...]
/usr/include/c++/14.2.1/format:2692:7:constexpr void std::__format::_Sink<_CharT>::_M_write(_CharT) [with _CharT = char]	240	static
/usr/include/c++/14.2.1/bits/unicode.h:61:5:constexpr bool std::__unicode::__is_single_code_unit(char32_t) [with _CharT = char]	16	static
/usr/include/c++/14.2.1/bits/unicode.h:480:7:constexpr _Iter& std::__unicode::_Utf_iterator<_FromFmt, _ToFmt, _Iter, _Sent, _ErrorHandler>::_M_curr() [with _FromFmt = char32_t; _ToFmt = char; _Iter = const char32_t*; _Sent = const char32_t*; _ErrorHandler = std::__unicode::_Repl]	48	static
/usr/include/c++/14.2.1/bits/unicode.h:108:7:constexpr std::__unicode::_Utf_iterator<_FromFmt, _ToFmt, _Iter, _Sent, _ErrorHandler>::_Utf_iterator(_Iter, _Iter, _Sent) requires  bidirectional_iterator<_Iter> [with _FromFmt = char32_t; _ToFmt = char; _Iter = const char32_t*; _Sent = const char32_t*; _ErrorHandler = std::__unicode::_Repl]	64	static
/usr/include/c++/14.2.1/bits/basic_string.h:765:9:constexpr std::__cxx11::basic_string<_CharT, _Traits, _Alloc>::basic_string(_InputIterator, _InputIterator, const _Alloc&) [with _InputIterator = std::__unicode::_Utf_iterator<char32_t, char, const char32_t*, const char32_t*, std::__unicode::_Repl>; <template-parameter-2-2> = void; _CharT = char; _Traits = std::char_traits<char>; _Alloc = std::allocator<char>]	384	dynamic,bounded
/usr/include/c++/14.2.1/bits/basic_string.tcc:597:23:constexpr std::__cxx11::basic_string<_CharT, _Traits, _Alloc>::resize_and_overwrite(size_type, _Operation)::_Terminator::~_Terminator() [with _Operation = std::__format::__formatter_fp<char>::format<double, std::__format::_Sink_iter<char> >(double, std::basic_format_context<std::__format::_Sink_iter<char>, char>&) const::<lambda(char*, std::size_t)>&; _CharT = char; _Traits = std::char_traits<char>; _Alloc = std::allocator<char>]	48	static
/usr/include/c++/14.2.1/bits/basic_string.tcc:583:5:constexpr void std::__cxx11::basic_string<_CharT, _Traits, _Alloc>::resize_and_overwrite(size_type, _Operation) [with _Operation = std::__format::__formatter_fp<char>::format<double, std::__format::_Sink_iter<char> >(double, std::basic_format_context<std::__format::_Sink_iter<char>, char>&) const::<lambda(char*, std::size_t)>&; _CharT = char; _Traits = std::char_traits<char>; _Alloc = std::allocator<char>]	208	static
/usr/include/c++/14.2.1/bits/basic_string.tcc:597:23:constexpr std::__cxx11::basic_string<_CharT, _Traits, _Alloc>::resize_and_overwrite(size_type, _Operation)::_Terminator::~_Terminator() [with _Operation = std::__format::__formatter_fp<char>::format<long double, std::__format::_Sink_iter<char> >(long double, std::basic_format_context<std::__format::_Sink_iter<char>, char>&) const::<lambda(char*, std::size_t)>&; _CharT = char; _Traits = std::char_traits<char>; _Alloc = std::allocator<char>]	48	static
/usr/include/c++/14.2.1/bits/basic_string.tcc:583:5:constexpr void std::__cxx11::basic_string<_CharT, _Traits, _Alloc>::resize_and_overwrite(size_type, _Operation) [with _Operation = std::__format::__formatter_fp<char>::format<long double, std::__format::_Sink_iter<char> >(long double, std::basic_format_context<std::__format::_Sink_iter<char>, char>&) const::<lambda(char*, std::size_t)>&; _CharT = char; _Traits = std::char_traits<char>; _Alloc = std::allocator<char>]	208	static
/usr/include/c++/14.2.1/bits/move.h:137:5:constexpr typename std::remove_reference<_Tp>::type&& std::move(_Tp&&) [with _Tp = basic_string_view<char>&]	32	static
/usr/include/c++/14.2.1/bits/unicode.h:570:7:constexpr std::__unicode::_Utf_view<_ToFormat, _Range>::_Utf_view(_Range&&) [with _ToFormat = char32_t; _Range = std::basic_string_view<char>]	48	static
/usr/include/c++/14.2.1/bits/move.h:71:5:constexpr _Tp&& std::forward(typename remove_reference<_Functor>::type&) [with _Tp = basic_string_view<char>]	32	static
/usr/include/c++/14.2.1/bits/unicode.h:730:7:constexpr std::__unicode::__v15_1_0::_Grapheme_cluster_view<_View>::_Grapheme_cluster_view(_View) [with _View = std::basic_string_view<char>]	368	dynamic,bounded
/usr/include/c++/14.2.1/bits/unicode.h:146:7:constexpr _Sent std::__unicode::_Utf_iterator<_FromFmt, _ToFmt, _Iter, _Sent, _ErrorHandler>::end() const [with _FromFmt = char; _ToFmt = char32_t; _Iter = const char*; _Sent = const char*; _ErrorHandler = std::__unicode::_Repl]	32	static
/usr/include/c++/14.2.1/bits/unicode.h:776:2:constexpr std::__unicode::__v15_1_0::_Grapheme_cluster_view<_View>::_Iterator& std::__unicode::__v15_1_0::_Grapheme_cluster_view<_View>::_Iterator::operator++() [with _View = std::basic_string_view<char>]	320	dynamic,bounded
/usr/include/c++/14.2.1/bits/unicode.h:817:2:constexpr bool std::__unicode::__v15_1_0::_Grapheme_cluster_view<_View>::_Iterator::operator==(std::ranges::sentinel_t<_Range>&) const [with _View = std::basic_string_view<char>]	96	dynamic,bounded
/usr/include/c++/14.2.1/bits/basic_string.tcc:597:23:constexpr std::__cxx11::basic_string<_CharT, _Traits, _Alloc>::resize_and_overwrite(size_type, _Operation)::_Terminator::~_Terminator() [with _Operation = std::__format::__formatter_fp<char>::format<_Float128, std::__format::_Sink_iter<char> >(_Float128, std::basic_format_context<std::__format::_Sink_iter<char>, char>&) const::<lambda(char*, std::size_t)>&; _CharT = char; _Traits = std::char_traits<char>; _Alloc = std::allocator<char>]	48	static
/usr/include/c++/14.2.1/bits/basic_string.tcc:583:5:constexpr void std::__cxx11::basic_string<_CharT, _Traits, _Alloc>::resize_and_overwrite(size_type, _Operation) [with _Operation = std::__format::__formatter_fp<char>::format<_Float128, std::__format::_Sink_iter<char> >(_Float128, std::basic_format_context<std::__format::_Sink_iter<char>, char>&) const::<lambda(char*, std::size_t)>&; _CharT = char; _Traits = std::char_traits<char>; _Alloc = std::allocator<char>]	208	static
/usr/include/c++/14.2.1/bits/move.h:137:5:constexpr typename std::remove_reference<_Tp>::type&& std::move(_Tp&&) [with _Tp = char*&]	32	static
/usr/include/c++/14.2.1/bits/ranges_algobase.h:220:5:constexpr std::__conditional_t<_IsMove, std::ranges::in_out_result<_Iter, _Out>, std::ranges::in_out_result<_Iter, _Out> > std::ranges::__copy_or_move(_Iter, _Sent, _Out) [with bool _IsMove = false; _Iter = char*; _Sent = char*; _Out = std::__format::_Sink_iter<char>]	272	static
/usr/include/c++/14.2.1/bits/move.h:71:5:constexpr _Tp&& std::forward(typename remove_reference<_Functor>::type&) [with _Tp = __format::_WidthPrecVisitor]	32	static
/usr/include/c++/14.2.1/format:3580:7:std::size_t std::__format::_WidthPrecVisitor::operator()(_Tp&) const [with _Tp = std::monostate]	32	static
/usr/include/c++/14.2.1/format:3580:7:std::size_t std::__format::_WidthPrecVisitor::operator()(_Tp&) const [with _Tp = bool]	32	static
/usr/include/c++/14.2.1/format:3580:7:std::size_t std::__format::_WidthPrecVisitor::operator()(_Tp&) const [with _Tp = int]	32	static
/usr/include/c++/14.2.1/format:3580:7:std::size_t std::__format::_WidthPrecVisitor::operator()(_Tp&) const [with _Tp = unsigned int]	32	static
/usr/include/c++/14.2.1/format:3580:7:std::size_t std::__format::_WidthPrecVisitor::operator()(_Tp&) const [with _Tp = long long int]	32	static
/usr/include/c++/14.2.1/format:3580:7:std::size_t std::__format::_WidthPrecVisitor::operator()(_Tp&) const [with _Tp = long long unsigned int]	32	static
/usr/include/c++/14.2.1/format:3580:7:std::size_t std::__format::_WidthPrecVisitor::operator()(_Tp&) const [with _Tp = float]	32	static
/usr/include/c++/14.2.1/format:3580:7:std::size_t std::__format::_WidthPrecVisitor::operator()(_Tp&) const [with _Tp = double]	32	static
/usr/include/c++/14.2.1/format:3580:7:std::size_t std::__format::_WidthPrecVisitor::operator()(_Tp&) const [with _Tp = long double]	32	static
/usr/include/c++/14.2.1/format:3580:7:std::size_t std::__format::_WidthPrecVisitor::operator()(_Tp&) const [with _Tp = const void*]	32	static
/usr/include/c++/14.2.1/format:3580:7:std::size_t std::__format::_WidthPrecVisitor::operator()(_Tp&) const [with _Tp = __int128]	32	static
/usr/include/c++/14.2.1/format:3580:7:std::size_t std::__format::_WidthPrecVisitor::operator()(_Tp&) const [with _Tp = __int128 unsigned]	32	static
/usr/include/c++/14.2.1/format:3580:7:std::size_t std::__format::_WidthPrecVisitor::operator()(_Tp&) const [with _Tp = _Float128]	32	static
/usr/include/c++/14.2.1/bits/basic_string.h:1675:7:constexpr std::__cxx11::basic_string<_CharT, _Traits, _Alloc>& std::__cxx11::basic_string<_CharT, _Traits, _Alloc>::assign(const _CharT*, size_type) [with _CharT = char; _Traits = std::char_traits<char>; _Alloc = std::allocator<char>]	48	static
/usr/include/c++/14.2.1/charconv:115:5:constexpr unsigned int std::__detail::__to_chars_len_2(_Tp) [with _Tp = __int128 unsigned]	32	static
/usr/include/c++/14.2.1/charconv:161:5:constexpr std::to_chars_result std::__detail::__to_chars_16(char*, char*, _Tp) [with _Tp = __int128 unsigned]	448	static
/usr/include/c++/14.2.1/bits/charconv.h:55:5:constexpr unsigned int std::__detail::__to_chars_len(_Tp, int) [with _Tp = __int128 unsigned]	256	static
/usr/include/c++/14.2.1/charconv:207:5:constexpr std::to_chars_result std::__detail::__to_chars_10(char*, char*, _Tp) [with _Tp = __int128 unsigned]	208	static
/usr/include/c++/14.2.1/charconv:230:5:constexpr std::to_chars_result std::__detail::__to_chars_8(char*, char*, _Tp) [with _Tp = __int128 unsigned]	272	static
/usr/include/c++/14.2.1/charconv:283:5:constexpr std::to_chars_result std::__detail::__to_chars_2(char*, char*, _Tp) [with _Tp = __int128 unsigned]	224	static
/usr/include/c++/14.2.1/charconv:121:5:constexpr std::to_chars_result std::__detail::__to_chars(char*, char*, _Tp, int) [with _Tp = __int128 unsigned]	576	static
/usr/include/c++/14.2.1/format:3580:7:std::size_t std::__format::_WidthPrecVisitor::operator()(_Tp&) const [with _Tp = char]	32	static
/usr/include/c++/14.2.1/format:3580:7:std::size_t std::__format::_WidthPrecVisitor::operator()(_Tp&) const [with _Tp = const char*]	32	static
/usr/include/c++/14.2.1/format:3580:7:std::size_t std::__format::_WidthPrecVisitor::operator()(_Tp&) const [with _Tp = std::basic_string_view<char>]	32	static
/usr/include/c++/14.2.1/format:3580:7:std::size_t std::__format::_WidthPrecVisitor::operator()(_Tp&) const [with _Tp = std::basic_format_arg<std::basic_format_context<std::__format::_Sink_iter<char>, char> >::handle]	32	static
/usr/include/c++/14.2.1/bits/move.h:137:5:constexpr typename std::remove_reference<_Tp>::type&& std::move(_Tp&&) [with _Tp = __format::__formatter_fp<char>::format<float, std::__format::_Sink_iter<char> >(float, std::basic_format_context<std::__format::_Sink_iter<char>, char>&) const::<lambda(char*, size_t)>&]	32	static
/usr/include/c++/14.2.1/bits/basic_string.tcc:597:23:constexpr std::__cxx11::basic_string<_CharT, _Traits, _Alloc>::resize_and_overwrite(size_type, _Operation)::_Terminator::~_Terminator() [with _Operation = std::__format::__formatter_fp<char>::_M_localize(std::basic_string_view<char>, char, const std::locale&) const::<lambda(char*, std::size_t)>&; _CharT = char; _Traits = std::char_traits<char>; _Alloc = std::allocator<char>]	48	static
/usr/include/c++/14.2.1/bits/basic_string.tcc:583:5:constexpr void std::__cxx11::basic_string<_CharT, _Traits, _Alloc>::resize_and_overwrite(size_type, _Operation) [with _Operation = std::__format::__formatter_fp<char>::_M_localize(std::basic_string_view<char>, char, const std::locale&) const::<lambda(char*, std::size_t)>&; _CharT = char; _Traits = std::char_traits<char>; _Alloc = std::allocator<char>]	208	static
/usr/include/c++/14.2.1/bits/stl_iterator.h:1108:7:constexpr __gnu_cxx::__normal_iterator<_Iterator, _Container> __gnu_cxx::__normal_iterator<_Iterator, _Container>::operator++(int) [with _Iterator = char*; _Container = std::span<char, 18446744073709551615>]	224	static
/usr/include/c++/14.2.1/bits/stl_iterator.h:1090:7:constexpr __gnu_cxx::__normal_iterator<_Iterator, _Container>::reference __gnu_cxx::__normal_iterator<_Iterator, _Container>::operator*() const [with _Iterator = char*; _Container = std::span<char, 18446744073709551615>]	32	static
/usr/include/c++/14.2.1/bits/unicode.h:509:4:constexpr std::__unicode::_Utf_iterator<_FromFmt, _ToFmt, _Iter, _Sent, _ErrorHandler>::_First_and_curr<_It>::_First_and_curr(_It, _It) [with _It = const char32_t*; _FromFmt = char32_t; _ToFmt = char; _Iter = const char32_t*; _Sent = const char32_t*; _ErrorHandler = std::__unicode::_Repl]	48	static
/usr/include/c++/14.2.1/bits/unicode.h:231:7:constexpr void std::__unicode::_Utf_iterator<_FromFmt, _ToFmt, _Iter, _Sent, _ErrorHandler>::_M_read() [with _FromFmt = char32_t; _ToFmt = char; _Iter = const char32_t*; _Sent = const char32_t*; _ErrorHandler = std::__unicode::_Repl]	32	static
/usr/include/c++/14.2.1/bits/basic_string.tcc:188:13:constexpr std::__cxx11::basic_string<_CharT, _Traits, _Alloc>::_M_construct(_InIterator, _InIterator, std::input_iterator_tag)::_Guard::_Guard(std::__cxx11::basic_string<_CharT, _Traits, _Alloc>*) [with _InIterator = std::__unicode::_Utf_iterator<char32_t, char, const char32_t*, const char32_t*, std::__unicode::_Repl>; _CharT = char; _Traits = std::char_traits<char>; _Alloc = std::allocator<char>]	32	static
/usr/include/c++/14.2.1/bits/basic_string.tcc:191:4:constexpr std::__cxx11::basic_string<_CharT, _Traits, _Alloc>::_M_construct(_InIterator, _InIterator, std::input_iterator_tag)::_Guard::~_Guard() [with _InIterator = std::__unicode::_Utf_iterator<char32_t, char, const char32_t*, const char32_t*, std::__unicode::_Repl>; _CharT = char; _Traits = std::char_traits<char>; _Alloc = std::allocator<char>]	48	static
/usr/include/c++/14.2.1/bits/basic_string.tcc:170:7:constexpr void std::__cxx11::basic_string<_CharT, _Traits, _Alloc>::_M_construct(_InIterator, _InIterator, std::input_iterator_tag) [with _InIterator = std::__unicode::_Utf_iterator<char32_t, char, const char32_t*, const char32_t*, std::__unicode::_Repl>; _CharT = char; _Traits = std::char_traits<char>; _Alloc = std::allocator<char>]	512	dynamic,bounded
/usr/include/c++/14.2.1/bits/move.h:137:5:constexpr typename std::remove_reference<_Tp>::type&& std::move(_Tp&&) [with _Tp = __format::__formatter_fp<char>::format<double, std::__format::_Sink_iter<char> >(double, std::basic_format_context<std::__format::_Sink_iter<char>, char>&) const::<lambda(char*, size_t)>&]	32	static
/usr/include/c++/14.2.1/bits/move.h:137:5:constexpr typename std::remove_reference<_Tp>::type&& std::move(_Tp&&) [with _Tp = __format::__formatter_fp<char>::format<long double, std::__format::_Sink_iter<char> >(long double, std::basic_format_context<std::__format::_Sink_iter<char>, char>&) const::<lambda(char*, size_t)>&]	32	static
/usr/include/c++/14.2.1/bits/unicode.h:654:10:constexpr std::__unicode::__v15_1_0::_Grapheme_cluster_iterator_base::_Grapheme_cluster_iterator_base()	32	static
/usr/include/c++/14.2.1/bits/unicode.h:755:2:constexpr std::__unicode::__v15_1_0::_Grapheme_cluster_view<_View>::_Iterator::_Iterator(_U32_iterator) [with _View = std::basic_string_view<char>]	288	dynamic,bounded
/usr/include/c++/14.2.1/bits/unicode.h:220:7:constexpr bool std::__unicode::operator==(_Utf_iterator<char, char32_t, const char*, const char*, _Repl>, const char*)	224	static
/usr/include/c++/14.2.1/bits/unicode.h:840:2:constexpr bool std::__unicode::__v15_1_0::_Grapheme_cluster_view<_View>::_Iterator::_M_is_break(std::__unicode::__v15_1_0::_Gcb_property, std::__unicode::__v15_1_0::_Gcb_property, _U32_iterator) const [with _View = std::basic_string_view<char>]	416	dynamic,bounded
/usr/include/c++/14.2.1/bits/move.h:137:5:constexpr typename std::remove_reference<_Tp>::type&& std::move(_Tp&&) [with _Tp = __format::__formatter_fp<char>::format<_Float128, std::__format::_Sink_iter<char> >(_Float128, std::basic_format_context<std::__format::_Sink_iter<char>, char>&) const::<lambda(char*, size_t)>&]	32	static
/usr/include/c++/14.2.1/bit:371:5:constexpr int std::__bit_width(_Tp) [with _Tp = __int128 unsigned]	64	static
/usr/include/c++/14.2.1/bits/charconv.h:81:5:constexpr void std::__detail::__to_chars_10_impl(char*, unsigned int, _Tp) [with _Tp = __int128 unsigned]	640	static
/usr/include/c++/14.2.1/bits/move.h:137:5:constexpr typename std::remove_reference<_Tp>::type&& std::move(_Tp&&) [with _Tp = __format::__formatter_fp<char>::_M_localize(std::basic_string_view<char>, char, const std::locale&) const::<lambda(char*, size_t)>&]	32	static
/usr/include/c++/14.2.1/bits/unicode.h:392:7:constexpr void std::__unicode::_Utf_iterator<_FromFmt, _ToFmt, _Iter, _Sent, _ErrorHandler>::_M_read_utf32() [with _FromFmt = char32_t; _ToFmt = char; _Iter = const char32_t*; _Sent = const char32_t*; _ErrorHandler = std::__unicode::_Repl]	208	static
/usr/include/c++/14.2.1/bits/unicode.h:202:7:constexpr bool std::__unicode::operator==(_Utf_iterator<char32_t, char, const char32_t*, const char32_t*, _Repl>, _Utf_iterator<char32_t, char, const char32_t*, const char32_t*, _Repl>) requires (forward_iterator<_Iter>) || requires(_Iter __i) {__i != __i;}	304	static
/usr/include/c++/14.2.1/bits/unicode.h:155:7:constexpr std::__unicode::_Utf_iterator<_FromFmt, _ToFmt, _Iter, _Sent, _ErrorHandler>::value_type std::__unicode::_Utf_iterator<_FromFmt, _ToFmt, _Iter, _Sent, _ErrorHandler>::operator*() const [with _FromFmt = char32_t; _ToFmt = char; _Iter = const char32_t*; _Sent = const char32_t*; _ErrorHandler = std::__unicode::_Repl]	48	static
/usr/include/c++/14.2.1/bits/unicode.h:158:7:constexpr std::__unicode::_Utf_iterator<_FromFmt, _ToFmt, _Iter, _Sent, _ErrorHandler>& std::__unicode::_Utf_iterator<_FromFmt, _ToFmt, _Iter, _Sent, _ErrorHandler>::operator++() [with _FromFmt = char32_t; _ToFmt = char; _Iter = const char32_t*; _Sent = const char32_t*; _ErrorHandler = std::__unicode::_Repl]	80	static
/usr/include/c++/14.2.1/bits/unicode.h:202:7:constexpr bool std::__unicode::operator==(_Utf_iterator<char, char32_t, const char*, const char*, _Repl>, _Utf_iterator<char, char32_t, const char*, const char*, _Repl>) requires (forward_iterator<_Iter>) || requires(_Iter __i) {__i != __i;}	304	static
/usr/include/c++/14.2.1/bit:201:5:constexpr int std::__countl_zero(_Tp) [with _Tp = __int128 unsigned]	96	static
/usr/include/c++/14.2.1/bits/unicode.h:256:14:constexpr std::__unicode::_Utf_iterator<_FromFmt, _ToFmt, _Iter, _Sent, _ErrorHandler>::_Guard<_It>::~_Guard() [with _It = const char32_t*; _FromFmt = char32_t; _ToFmt = char; _Iter = const char32_t*; _Sent = const char32_t*; _ErrorHandler = std::__unicode::_Repl]	48	static
/usr/include/c++/14.2.1/bits/unicode.h:468:7:constexpr char32_t std::__unicode::_Utf_iterator<_FromFmt, _ToFmt, _Iter, _Sent, _ErrorHandler>::_S_error() [with _FromFmt = char32_t; _ToFmt = char; _Iter = const char32_t*; _Sent = const char32_t*; _ErrorHandler = std::__unicode::_Repl]	176	static
/usr/include/c++/14.2.1/bits/unicode.h:403:7:constexpr void std::__unicode::_Utf_iterator<_FromFmt, _ToFmt, _Iter, _Sent, _ErrorHandler>::_M_update(char32_t, uint8_t) [with _FromFmt = char32_t; _ToFmt = char; _Iter = const char32_t*; _Sent = const char32_t*; _ErrorHandler = std::__unicode::_Repl]	64	static
/usr/include/c++/14.2.1/array:214:7:constexpr const std::array<_Tp, _Nm>::value_type& std::array<_Tp, _Nm>::operator[](size_type) const [with _Tp = char; long unsigned int _Nm = 4]	32	static
/usr/include/c++/14.2.1/bits/move.h:137:5:constexpr typename std::remove_reference<_Tp>::type&& std::move(_Tp&&) [with _Tp = const char32_t*&]	32	static
/usr/include/c++/14.2.1/bit:459:5:constexpr int std::bit_width(_Tp) [with _Tp = unsigned int]	32	static
/usr/include/c++/14.2.1/array:206:7:constexpr std::array<_Tp, _Nm>::value_type& std::array<_Tp, _Nm>::operator[](size_type) [with _Tp = char; long unsigned int _Nm = 4]	48	static
d.cc:140:1:_sub_D_00099_0	16	static
d.cc:140:1:_sub_I_00099_1	16	static
